Archive member included to satisfy reference by file (symbol)

/Applications/ArmGNUToolchain/11.3.rel1/arm-none-eabi/bin/../lib/gcc/arm-none-eabi/11.3.1/../../../../arm-none-eabi/lib/thumb/v7e-m+fp/hard/libc_nano.a(libc_a-exit.o)
                              /Applications/ArmGNUToolchain/11.3.rel1/arm-none-eabi/bin/../lib/gcc/arm-none-eabi/11.3.1/../../../../arm-none-eabi/lib/thumb/v7e-m+fp/hard/crt0.o (exit)
/Applications/ArmGNUToolchain/11.3.rel1/arm-none-eabi/bin/../lib/gcc/arm-none-eabi/11.3.1/../../../../arm-none-eabi/lib/thumb/v7e-m+fp/hard/libc_nano.a(libc_a-sprintf.o)
                              build/main.o (sprintf)
/Applications/ArmGNUToolchain/11.3.rel1/arm-none-eabi/bin/../lib/gcc/arm-none-eabi/11.3.1/../../../../arm-none-eabi/lib/thumb/v7e-m+fp/hard/libc_nano.a(libc_a-findfp.o)
                              /Applications/ArmGNUToolchain/11.3.rel1/arm-none-eabi/bin/../lib/gcc/arm-none-eabi/11.3.1/../../../../arm-none-eabi/lib/thumb/v7e-m+fp/hard/libc_nano.a(libc_a-exit.o) (__stdio_exit_handler)
/Applications/ArmGNUToolchain/11.3.rel1/arm-none-eabi/bin/../lib/gcc/arm-none-eabi/11.3.1/../../../../arm-none-eabi/lib/thumb/v7e-m+fp/hard/libc_nano.a(libc_a-fwalk.o)
                              /Applications/ArmGNUToolchain/11.3.rel1/arm-none-eabi/bin/../lib/gcc/arm-none-eabi/11.3.1/../../../../arm-none-eabi/lib/thumb/v7e-m+fp/hard/libc_nano.a(libc_a-findfp.o) (_fwalk_sglue)
/Applications/ArmGNUToolchain/11.3.rel1/arm-none-eabi/bin/../lib/gcc/arm-none-eabi/11.3.1/../../../../arm-none-eabi/lib/thumb/v7e-m+fp/hard/libc_nano.a(libc_a-memset.o)
                              /Applications/ArmGNUToolchain/11.3.rel1/arm-none-eabi/bin/../lib/gcc/arm-none-eabi/11.3.1/../../../../arm-none-eabi/lib/thumb/v7e-m+fp/hard/crt0.o (memset)
/Applications/ArmGNUToolchain/11.3.rel1/arm-none-eabi/bin/../lib/gcc/arm-none-eabi/11.3.1/../../../../arm-none-eabi/lib/thumb/v7e-m+fp/hard/libc_nano.a(libc_a-impure.o)
                              /Applications/ArmGNUToolchain/11.3.rel1/arm-none-eabi/bin/../lib/gcc/arm-none-eabi/11.3.1/../../../../arm-none-eabi/lib/thumb/v7e-m+fp/hard/libc_nano.a(libc_a-sprintf.o) (_impure_ptr)
/Applications/ArmGNUToolchain/11.3.rel1/arm-none-eabi/bin/../lib/gcc/arm-none-eabi/11.3.1/../../../../arm-none-eabi/lib/thumb/v7e-m+fp/hard/libc_nano.a(libc_a-init.o)
                              /Applications/ArmGNUToolchain/11.3.rel1/arm-none-eabi/bin/../lib/gcc/arm-none-eabi/11.3.1/../../../../arm-none-eabi/lib/thumb/v7e-m+fp/hard/crt0.o (__libc_init_array)
/Applications/ArmGNUToolchain/11.3.rel1/arm-none-eabi/bin/../lib/gcc/arm-none-eabi/11.3.1/../../../../arm-none-eabi/lib/thumb/v7e-m+fp/hard/libc_nano.a(libc_a-lock.o)
                              /Applications/ArmGNUToolchain/11.3.rel1/arm-none-eabi/bin/../lib/gcc/arm-none-eabi/11.3.1/../../../../arm-none-eabi/lib/thumb/v7e-m+fp/hard/libc_nano.a(libc_a-findfp.o) (__retarget_lock_init_recursive)
/Applications/ArmGNUToolchain/11.3.rel1/arm-none-eabi/bin/../lib/gcc/arm-none-eabi/11.3.1/../../../../arm-none-eabi/lib/thumb/v7e-m+fp/hard/libc_nano.a(libc_a-nano-svfprintf.o)
                              /Applications/ArmGNUToolchain/11.3.rel1/arm-none-eabi/bin/../lib/gcc/arm-none-eabi/11.3.1/../../../../arm-none-eabi/lib/thumb/v7e-m+fp/hard/libc_nano.a(libc_a-sprintf.o) (_svfprintf_r)
/Applications/ArmGNUToolchain/11.3.rel1/arm-none-eabi/bin/../lib/gcc/arm-none-eabi/11.3.1/../../../../arm-none-eabi/lib/thumb/v7e-m+fp/hard/libc_nano.a(libc_a-mallocr.o)
                              /Applications/ArmGNUToolchain/11.3.rel1/arm-none-eabi/bin/../lib/gcc/arm-none-eabi/11.3.1/../../../../arm-none-eabi/lib/thumb/v7e-m+fp/hard/libc_nano.a(libc_a-findfp.o) (_malloc_r)
/Applications/ArmGNUToolchain/11.3.rel1/arm-none-eabi/bin/../lib/gcc/arm-none-eabi/11.3.1/../../../../arm-none-eabi/lib/thumb/v7e-m+fp/hard/libc_nano.a(libc_a-nano-vfprintf_i.o)
                              /Applications/ArmGNUToolchain/11.3.rel1/arm-none-eabi/bin/../lib/gcc/arm-none-eabi/11.3.1/../../../../arm-none-eabi/lib/thumb/v7e-m+fp/hard/libc_nano.a(libc_a-nano-svfprintf.o) (_printf_i)
/Applications/ArmGNUToolchain/11.3.rel1/arm-none-eabi/bin/../lib/gcc/arm-none-eabi/11.3.1/../../../../arm-none-eabi/lib/thumb/v7e-m+fp/hard/libc_nano.a(libc_a-fflush.o)
                              /Applications/ArmGNUToolchain/11.3.rel1/arm-none-eabi/bin/../lib/gcc/arm-none-eabi/11.3.1/../../../../arm-none-eabi/lib/thumb/v7e-m+fp/hard/libc_nano.a(libc_a-findfp.o) (_fflush_r)
/Applications/ArmGNUToolchain/11.3.rel1/arm-none-eabi/bin/../lib/gcc/arm-none-eabi/11.3.1/../../../../arm-none-eabi/lib/thumb/v7e-m+fp/hard/libc_nano.a(libc_a-mlock.o)
                              /Applications/ArmGNUToolchain/11.3.rel1/arm-none-eabi/bin/../lib/gcc/arm-none-eabi/11.3.1/../../../../arm-none-eabi/lib/thumb/v7e-m+fp/hard/libc_nano.a(libc_a-mallocr.o) (__malloc_lock)
[...]
Memory Configuration

Name             Origin             Length             Attributes
RAM              0x0000000020000000 0x000000000000a000 xrw
CCMRAM           0x0000000010000000 0x0000000000002000 xrw
FLASH            0x0000000008000000 0x0000000000040000 xr
*default*        0x0000000000000000 0xffffffffffffffff

Linker script and memory map

LOAD /Applications/ArmGNUToolchain/11.3.rel1/arm-none-eabi/bin/../lib/gcc/arm-none-eabi/11.3.1/thumb/v7e-m+fp/hard/crti.o
LOAD /Applications/ArmGNUToolchain/11.3.rel1/arm-none-eabi/bin/../lib/gcc/arm-none-eabi/11.3.1/thumb/v7e-m+fp/hard/crtbegin.o
LOAD /Applications/ArmGNUToolchain/11.3.rel1/arm-none-eabi/bin/../lib/gcc/arm-none-eabi/11.3.1/../../../../arm-none-eabi/lib/thumb/v7e-m+fp/hard/crt0.o
LOAD build/main.o
LOAD build/gpio.o
LOAD build/can.o
LOAD build/i2c.o
LOAD build/spi.o
LOAD build/usb.o
LOAD build/stm32f3xx_it.o
LOAD build/stm32f3xx_hal_msp.o
LOAD build/stm32f3xx_ll_usb.o
LOAD build/stm32f3xx_hal_can.o
LOAD build/stm32f3xx_hal.o
LOAD build/stm32f3xx_hal_rcc.o
LOAD build/stm32f3xx_hal_rcc_ex.o
LOAD build/stm32f3xx_hal_gpio.o
LOAD build/stm32f3xx_hal_dma.o
LOAD build/stm32f3xx_hal_cortex.o
LOAD build/stm32f3xx_hal_pwr.o
LOAD build/stm32f3xx_hal_pwr_ex.o
LOAD build/stm32f3xx_hal_flash.o
LOAD build/stm32f3xx_hal_flash_ex.o
LOAD build/stm32f3xx_hal_i2c.o
LOAD build/stm32f3xx_hal_i2c_ex.o
LOAD build/stm32f3xx_hal_exti.o
LOAD build/stm32f3xx_hal_spi.o
LOAD build/stm32f3xx_hal_spi_ex.o
LOAD build/stm32f3xx_hal_tim.o
LOAD build/stm32f3xx_hal_tim_ex.o
LOAD build/stm32f3xx_hal_pcd.o
LOAD build/stm32f3xx_hal_pcd_ex.o
LOAD build/system_stm32f3xx.o
LOAD build/usart.o
LOAD build/stm32f3xx_hal_uart.o
LOAD build/stm32f3xx_hal_uart_ex.o
LOAD build/startup_stm32f303xc.o
LOAD /Applications/ArmGNUToolchain/11.3.rel1/arm-none-eabi/bin/../lib/gcc/arm-none-eabi/11.3.1/../../../../arm-none-eabi/lib/thumb/v7e-m+fp/hard/libc_nano.a
LOAD /Applications/ArmGNUToolchain/11.3.rel1/arm-none-eabi/bin/../lib/gcc/arm-none-eabi/11.3.1/../../../../arm-none-eabi/lib/thumb/v7e-m+fp/hard/libm.a
LOAD /Applications/ArmGNUToolchain/11.3.rel1/arm-none-eabi/bin/../lib/gcc/arm-none-eabi/11.3.1/../../../../arm-none-eabi/lib/thumb/v7e-m+fp/hard/libnosys.a
START GROUP
LOAD /Applications/ArmGNUToolchain/11.3.rel1/arm-none-eabi/bin/../lib/gcc/arm-none-eabi/11.3.1/thumb/v7e-m+fp/hard/libgcc.a
LOAD /Applications/ArmGNUToolchain/11.3.rel1/arm-none-eabi/bin/../lib/gcc/arm-none-eabi/11.3.1/../../../../arm-none-eabi/lib/thumb/v7e-m+fp/hard/libc_nano.a
END GROUP
START GROUP
LOAD /Applications/ArmGNUToolchain/11.3.rel1/arm-none-eabi/bin/../lib/gcc/arm-none-eabi/11.3.1/thumb/v7e-m+fp/hard/libgcc.a
LOAD /Applications/ArmGNUToolchain/11.3.rel1/arm-none-eabi/bin/../lib/gcc/arm-none-eabi/11.3.1/../../../../arm-none-eabi/lib/thumb/v7e-m+fp/hard/libc_nano.a
END GROUP
LOAD /Applications/ArmGNUToolchain/11.3.rel1/arm-none-eabi/bin/../lib/gcc/arm-none-eabi/11.3.1/thumb/v7e-m+fp/hard/crtend.o
LOAD /Applications/ArmGNUToolchain/11.3.rel1/arm-none-eabi/bin/../lib/gcc/arm-none-eabi/11.3.1/thumb/v7e-m+fp/hard/crtn.o
                0x000000002000a000                _estack = (ORIGIN (RAM) + LENGTH (RAM))
                0x0000000000000200                _Min_Heap_Size = 0x200
                0x0000000000000400                _Min_Stack_Size = 0x400

.isr_vector     0x0000000008000000      0x188
                0x0000000008000000                . = ALIGN (0x4)
 *(.isr_vector)
 .isr_vector    0x0000000008000000      0x188 build/startup_stm32f303xc.o
                0x0000000008000000                g_pfnVectors
                0x0000000008000188                . = ALIGN (0x4)

.text           0x0000000008000190     0x312c
                0x0000000008000190                . = ALIGN (0x4)
 *(.text)
 .text          0x0000000008000190       0xa0 /Applications/ArmGNUToolchain/11.3.rel1/arm-none-eabi/bin/../lib/gcc/arm-none-eabi/11.3.1/../../../../arm-none-eabi/lib/thumb/v7e-m+fp/hard/libc_nano.a(libc_a-memchr.o)
                0x0000000008000190                memchr
 *(.text*)
 .text.deregister_tm_clones
                0x0000000008000230       0x1c /Applications/ArmGNUToolchain/11.3.rel1/arm-none-eabi/bin/../lib/gcc/arm-none-eabi/11.3.1/thumb/v7e-m+fp/hard/crtbegin.o
 .text.register_tm_clones
                0x000000000800024c       0x24 /Applications/ArmGNUToolchain/11.3.rel1/arm-none-eabi/bin/../lib/gcc/arm-none-eabi/11.3.1/thumb/v7e-m+fp/hard/crtbegin.o
 .text.__do_global_dtors_aux
                0x0000000008000270       0x28 /Applications/ArmGNUToolchain/11.3.rel1/arm-none-eabi/bin/../lib/gcc/arm-none-eabi/11.3.1/thumb/v7e-m+fp/hard/crtbegin.o
 .text.frame_dummy
                0x0000000008000298       0x24 /Applications/ArmGNUToolchain/11.3.rel1/arm-none-eabi/bin/../lib/gcc/arm-none-eabi/11.3.1/thumb/v7e-m+fp/hard/crtbegin.o
 .text.HAL_CAN_RxFifo0MsgPendingCallback
                0x00000000080002bc       0x24 build/main.o
                0x00000000080002bc                HAL_CAN_RxFifo0MsgPendingCallback
 .text.Error_Handler
                0x00000000080002e0        0x4 build/main.o
                0x00000000080002e0                Error_Handler
 .text.SystemClock_Config
                0x00000000080002e4       0x98 build/main.o
                0x00000000080002e4                SystemClock_Config
 .text.main     0x000000000800037c      0x18c build/main.o
                0x000000000800037c                main
 .text.MX_GPIO_Init
                0x0000000008000508       0xc0 build/gpio.o
                0x0000000008000508                MX_GPIO_Init
 .text.MX_CAN_Init
                0x00000000080005c8       0x70 build/can.o
                0x00000000080005c8                MX_CAN_Init
 .text.HAL_CAN_MspInit
                0x0000000008000638       0x7c build/can.o
                0x0000000008000638                HAL_CAN_MspInit
 .text.MX_I2C1_Init
                0x00000000080006b4       0x58 build/i2c.o
                0x00000000080006b4                MX_I2C1_Init
 .text.HAL_I2C_MspInit
                0x000000000800070c       0x6c build/i2c.o
                0x000000000800070c                HAL_I2C_MspInit
 .text.MX_SPI1_Init
                0x0000000008000778       0x4c build/spi.o
                0x0000000008000778                MX_SPI1_Init
 .text.HAL_SPI_MspInit
                0x00000000080007c4       0x68 build/spi.o
                0x00000000080007c4                HAL_SPI_MspInit
 .text.MX_USB_PCD_Init
                0x000000000800082c       0x30 build/usb.o
                0x000000000800082c                MX_USB_PCD_Init
 .text.HAL_PCD_MspInit
                0x000000000800085c       0x68 build/usb.o
                0x000000000800085c                HAL_PCD_MspInit
 .text.NMI_Handler
                0x00000000080008c4        0x2 build/stm32f3xx_it.o
                0x00000000080008c4                NMI_Handler
 .text.HardFault_Handler
                0x00000000080008c6        0x2 build/stm32f3xx_it.o
                0x00000000080008c6                HardFault_Handler
 .text.MemManage_Handler
                0x00000000080008c8        0x2 build/stm32f3xx_it.o
                0x00000000080008c8                MemManage_Handler
 .text.BusFault_Handler
                0x00000000080008ca        0x2 build/stm32f3xx_it.o
                0x00000000080008ca                BusFault_Handler
 .text.UsageFault_Handler
                0x00000000080008cc        0x2 build/stm32f3xx_it.o
                0x00000000080008cc                UsageFault_Handler
 .text.SVC_Handler
                0x00000000080008ce        0x2 build/stm32f3xx_it.o
                0x00000000080008ce                SVC_Handler
 .text.DebugMon_Handler
                0x00000000080008d0        0x2 build/stm32f3xx_it.o
                0x00000000080008d0                DebugMon_Handler
 .text.PendSV_Handler
                0x00000000080008d2        0x2 build/stm32f3xx_it.o
                0x00000000080008d2                PendSV_Handler
 .text.SysTick_Handler
                0x00000000080008d4        0x8 build/stm32f3xx_it.o
                0x00000000080008d4                SysTick_Handler
 .text.USB_LP_CAN_RX0_IRQHandler
                0x00000000080008dc       0x10 build/stm32f3xx_it.o
                0x00000000080008dc                USB_LP_CAN_RX0_IRQHandler
 .text.HAL_MspInit
                0x00000000080008ec       0x3c build/stm32f3xx_hal_msp.o
                0x00000000080008ec                HAL_MspInit
 .text.USB_DisableGlobalInt
                0x0000000008000928       0x14 build/stm32f3xx_ll_usb.o
                0x0000000008000928                USB_DisableGlobalInt
 .text.USB_DevInit
                0x000000000800093c       0x22 build/stm32f3xx_ll_usb.o
                0x000000000800093c                USB_DevInit
 .text.HAL_CAN_Init
                0x000000000800095e      0x14c build/stm32f3xx_hal_can.o
                0x000000000800095e                HAL_CAN_Init
 .text.HAL_CAN_ConfigFilter
                0x0000000008000aaa      0x106 build/stm32f3xx_hal_can.o
                0x0000000008000aaa                HAL_CAN_ConfigFilter
 .text.HAL_CAN_Start
                0x0000000008000bb0       0x5c build/stm32f3xx_hal_can.o
                0x0000000008000bb0                HAL_CAN_Start
 .text.HAL_CAN_AddTxMessage
                0x0000000008000c0c       0xfc build/stm32f3xx_hal_can.o
                0x0000000008000c0c                HAL_CAN_AddTxMessage
 .text.HAL_CAN_GetTxMailboxesFreeLevel
                0x0000000008000d08       0x32 build/stm32f3xx_hal_can.o
                0x0000000008000d08                HAL_CAN_GetTxMailboxesFreeLevel
 .text.HAL_CAN_GetRxMessage
                0x0000000008000d3a      0x14a build/stm32f3xx_hal_can.o
                0x0000000008000d3a                HAL_CAN_GetRxMessage
 .text.HAL_CAN_ActivateNotification
                0x0000000008000e84       0x24 build/stm32f3xx_hal_can.o
                0x0000000008000e84                HAL_CAN_ActivateNotification
 .text.HAL_CAN_TxMailbox0CompleteCallback
                0x0000000008000ea8        0x2 build/stm32f3xx_hal_can.o
                0x0000000008000ea8                HAL_CAN_TxMailbox0CompleteCallback
 .text.HAL_CAN_TxMailbox1CompleteCallback
                0x0000000008000eaa        0x2 build/stm32f3xx_hal_can.o
                0x0000000008000eaa                HAL_CAN_TxMailbox1CompleteCallback
 .text.HAL_CAN_TxMailbox2CompleteCallback
                0x0000000008000eac        0x2 build/stm32f3xx_hal_can.o
                0x0000000008000eac                HAL_CAN_TxMailbox2CompleteCallback
 .text.HAL_CAN_TxMailbox0AbortCallback
                0x0000000008000eae        0x2 build/stm32f3xx_hal_can.o
                0x0000000008000eae                HAL_CAN_TxMailbox0AbortCallback
 .text.HAL_CAN_TxMailbox1AbortCallback
                0x0000000008000eb0        0x2 build/stm32f3xx_hal_can.o
                0x0000000008000eb0                HAL_CAN_TxMailbox1AbortCallback
 .text.HAL_CAN_TxMailbox2AbortCallback
                0x0000000008000eb2        0x2 build/stm32f3xx_hal_can.o
                0x0000000008000eb2                HAL_CAN_TxMailbox2AbortCallback
 .text.HAL_CAN_RxFifo0FullCallback
                0x0000000008000eb4        0x2 build/stm32f3xx_hal_can.o
                0x0000000008000eb4                HAL_CAN_RxFifo0FullCallback
 .text.HAL_CAN_RxFifo1MsgPendingCallback
                0x0000000008000eb6        0x2 build/stm32f3xx_hal_can.o
                0x0000000008000eb6                HAL_CAN_RxFifo1MsgPendingCallback
 .text.HAL_CAN_RxFifo1FullCallback
                0x0000000008000eb8        0x2 build/stm32f3xx_hal_can.o
                0x0000000008000eb8                HAL_CAN_RxFifo1FullCallback
 .text.HAL_CAN_SleepCallback
                0x0000000008000eba        0x2 build/stm32f3xx_hal_can.o
                0x0000000008000eba                HAL_CAN_SleepCallback
 .text.HAL_CAN_WakeUpFromRxMsgCallback
                0x0000000008000ebc        0x2 build/stm32f3xx_hal_can.o
                0x0000000008000ebc                HAL_CAN_WakeUpFromRxMsgCallback
 .text.HAL_CAN_ErrorCallback
                0x0000000008000ebe        0x2 build/stm32f3xx_hal_can.o
                0x0000000008000ebe                HAL_CAN_ErrorCallback
 .text.HAL_CAN_IRQHandler
                0x0000000008000ec0      0x24a build/stm32f3xx_hal_can.o
                0x0000000008000ec0                HAL_CAN_IRQHandler
 *fill*         0x000000000800110a        0x2 
 .text.HAL_InitTick
                0x000000000800110c       0x4c build/stm32f3xx_hal.o
                0x000000000800110c                HAL_InitTick
 .text.HAL_Init
                0x0000000008001158       0x24 build/stm32f3xx_hal.o
                0x0000000008001158                HAL_Init
 .text.HAL_IncTick
                0x000000000800117c       0x18 build/stm32f3xx_hal.o
                0x000000000800117c                HAL_IncTick
 .text.HAL_GetTick
                0x0000000008001194        0xc build/stm32f3xx_hal.o
                0x0000000008001194                HAL_GetTick
 .text.HAL_Delay
                0x00000000080011a0       0x28 build/stm32f3xx_hal.o
                0x00000000080011a0                HAL_Delay
 .text.HAL_RCC_OscConfig
                0x00000000080011c8      0x634 build/stm32f3xx_hal_rcc.o
                0x00000000080011c8                HAL_RCC_OscConfig
 .text.HAL_RCC_GetSysClockFreq
                0x00000000080017fc       0x70 build/stm32f3xx_hal_rcc.o
                0x00000000080017fc                HAL_RCC_GetSysClockFreq
 .text.HAL_RCC_ClockConfig
                0x000000000800186c      0x1a8 build/stm32f3xx_hal_rcc.o
                0x000000000800186c                HAL_RCC_ClockConfig
 .text.HAL_RCC_GetHCLKFreq
                0x0000000008001a14        0xc build/stm32f3xx_hal_rcc.o
                0x0000000008001a14                HAL_RCC_GetHCLKFreq
 .text.HAL_RCC_GetPCLK1Freq
                0x0000000008001a20       0x2c build/stm32f3xx_hal_rcc.o
                0x0000000008001a20                HAL_RCC_GetPCLK1Freq
 .text.HAL_RCC_GetPCLK2Freq
                0x0000000008001a4c       0x2c build/stm32f3xx_hal_rcc.o
                0x0000000008001a4c                HAL_RCC_GetPCLK2Freq
 .text.HAL_RCCEx_PeriphCLKConfig
                0x0000000008001a78      0x260 build/stm32f3xx_hal_rcc_ex.o
                0x0000000008001a78                HAL_RCCEx_PeriphCLKConfig
 .text.HAL_GPIO_Init
                0x0000000008001cd8      0x1c8 build/stm32f3xx_hal_gpio.o
                0x0000000008001cd8                HAL_GPIO_Init
 .text.HAL_GPIO_WritePin
                0x0000000008001ea0        0xa build/stm32f3xx_hal_gpio.o
                0x0000000008001ea0                HAL_GPIO_WritePin
 .text.HAL_GPIO_TogglePin
                0x0000000008001eaa       0x12 build/stm32f3xx_hal_gpio.o
                0x0000000008001eaa                HAL_GPIO_TogglePin
 .text.HAL_NVIC_SetPriorityGrouping
                0x0000000008001ebc       0x24 build/stm32f3xx_hal_cortex.o
                0x0000000008001ebc                HAL_NVIC_SetPriorityGrouping
 .text.HAL_NVIC_SetPriority
                0x0000000008001ee0       0x70 build/stm32f3xx_hal_cortex.o
                0x0000000008001ee0                HAL_NVIC_SetPriority
 .text.HAL_NVIC_EnableIRQ
                0x0000000008001f50       0x1c build/stm32f3xx_hal_cortex.o
                0x0000000008001f50                HAL_NVIC_EnableIRQ
 .text.HAL_SYSTICK_Config
                0x0000000008001f6c       0x28 build/stm32f3xx_hal_cortex.o
                0x0000000008001f6c                HAL_SYSTICK_Config
 .text.HAL_I2C_Init
                0x0000000008001f94       0xbc build/stm32f3xx_hal_i2c.o
                0x0000000008001f94                HAL_I2C_Init
 .text.HAL_I2CEx_ConfigAnalogFilter
                0x0000000008002050       0x5c build/stm32f3xx_hal_i2c_ex.o
                0x0000000008002050                HAL_I2CEx_ConfigAnalogFilter
 .text.HAL_I2CEx_ConfigDigitalFilter
                0x00000000080020ac       0x58 build/stm32f3xx_hal_i2c_ex.o
                0x00000000080020ac                HAL_I2CEx_ConfigDigitalFilter
 .text.HAL_SPI_Init
                0x0000000008002104       0xe8 build/stm32f3xx_hal_spi.o
                0x0000000008002104                HAL_SPI_Init
 .text.HAL_PCD_Init
                0x00000000080021ec       0xd2 build/stm32f3xx_hal_pcd.o
                0x00000000080021ec                HAL_PCD_Init
 *fill*         0x00000000080022be        0x2 
 .text.SystemInit
                0x00000000080022c0       0x14 build/system_stm32f3xx.o
                0x00000000080022c0                SystemInit
 .text.MX_USART1_UART_Init
                0x00000000080022d4       0x38 build/usart.o
                0x00000000080022d4                MX_USART1_UART_Init
 .text.HAL_UART_MspInit
                0x000000000800230c       0x68 build/usart.o
                0x000000000800230c                HAL_UART_MspInit
 .text.UART_SetConfig
                0x0000000008002374      0x250 build/stm32f3xx_hal_uart.o
                0x0000000008002374                UART_SetConfig
 .text.UART_AdvFeatureConfig
                0x00000000080025c4       0xca build/stm32f3xx_hal_uart.o
                0x00000000080025c4                UART_AdvFeatureConfig
 .text.UART_WaitOnFlagUntilTimeout
                0x000000000800268e       0xd4 build/stm32f3xx_hal_uart.o
                0x000000000800268e                UART_WaitOnFlagUntilTimeout
 .text.HAL_UART_Transmit
                0x0000000008002762       0xd8 build/stm32f3xx_hal_uart.o
                0x0000000008002762                HAL_UART_Transmit
 .text.UART_CheckIdleState
                0x000000000800283a       0x70 build/stm32f3xx_hal_uart.o
                0x000000000800283a                UART_CheckIdleState
 .text.HAL_UART_Init
                0x00000000080028aa       0x62 build/stm32f3xx_hal_uart.o
                0x00000000080028aa                HAL_UART_Init
 .text.Reset_Handler
                0x000000000800290c       0x50 build/startup_stm32f303xc.o
                0x000000000800290c                Reset_Handler
 .text.Default_Handler
                0x000000000800295c        0x2 build/startup_stm32f303xc.o
                0x000000000800295c                TIM1_BRK_TIM15_IRQHandler
                0x000000000800295c                TIM8_TRG_COM_IRQHandler
                0x000000000800295c                TIM8_CC_IRQHandler
                0x000000000800295c                TIM1_CC_IRQHandler
                0x000000000800295c                USB_HP_IRQHandler
                0x000000000800295c                PVD_IRQHandler
                0x000000000800295c                TAMP_STAMP_IRQHandler
                0x000000000800295c                EXTI3_IRQHandler
                0x000000000800295c                USB_HP_CAN_TX_IRQHandler
                0x000000000800295c                EXTI0_IRQHandler
                0x000000000800295c                I2C2_EV_IRQHandler
                0x000000000800295c                FPU_IRQHandler
                0x000000000800295c                TIM1_UP_TIM16_IRQHandler
                0x000000000800295c                ADC1_2_IRQHandler
                0x000000000800295c                SPI1_IRQHandler
                0x000000000800295c                CAN_SCE_IRQHandler
                0x000000000800295c                TIM6_DAC_IRQHandler
                0x000000000800295c                TIM8_UP_IRQHandler
                0x000000000800295c                DMA2_Channel2_IRQHandler
                0x000000000800295c                DMA1_Channel4_IRQHandler
                0x000000000800295c                USART3_IRQHandler
                0x000000000800295c                DMA1_Channel7_IRQHandler
                0x000000000800295c                UART5_IRQHandler
                0x000000000800295c                ADC3_IRQHandler
                0x000000000800295c                TIM4_IRQHandler
                0x000000000800295c                CAN_RX1_IRQHandler
                0x000000000800295c                DMA2_Channel1_IRQHandler
                0x000000000800295c                I2C1_EV_IRQHandler
                0x000000000800295c                DMA1_Channel6_IRQHandler
                0x000000000800295c                UART4_IRQHandler
                0x000000000800295c                DMA2_Channel4_IRQHandler
                0x000000000800295c                TIM3_IRQHandler
                0x000000000800295c                RCC_IRQHandler
                0x000000000800295c                DMA1_Channel1_IRQHandler
                0x000000000800295c                Default_Handler
                0x000000000800295c                USBWakeUp_RMP_IRQHandler
                0x000000000800295c                EXTI15_10_IRQHandler
                0x000000000800295c                TIM7_IRQHandler
                0x000000000800295c                EXTI9_5_IRQHandler
                0x000000000800295c                RTC_WKUP_IRQHandler
                0x000000000800295c                SPI2_IRQHandler
                0x000000000800295c                DMA2_Channel5_IRQHandler
                0x000000000800295c                DMA1_Channel5_IRQHandler
                0x000000000800295c                USB_LP_IRQHandler
                0x000000000800295c                EXTI4_IRQHandler
                0x000000000800295c                TIM1_TRG_COM_TIM17_IRQHandler
                0x000000000800295c                DMA1_Channel3_IRQHandler
                0x000000000800295c                ADC4_IRQHandler
                0x000000000800295c                WWDG_IRQHandler
                0x000000000800295c                TIM2_IRQHandler
                0x000000000800295c                COMP7_IRQHandler
                0x000000000800295c                COMP1_2_3_IRQHandler
                0x000000000800295c                EXTI1_IRQHandler
                0x000000000800295c                USART2_IRQHandler
                0x000000000800295c                COMP4_5_6_IRQHandler
                0x000000000800295c                I2C2_ER_IRQHandler
                0x000000000800295c                DMA1_Channel2_IRQHandler
                0x000000000800295c                TIM8_BRK_IRQHandler
                0x000000000800295c                FLASH_IRQHandler
                0x000000000800295c                USART1_IRQHandler
                0x000000000800295c                SPI3_IRQHandler
                0x000000000800295c                I2C1_ER_IRQHandler
                0x000000000800295c                USBWakeUp_IRQHandler
                0x000000000800295c                DMA2_Channel3_IRQHandler
                0x000000000800295c                EXTI2_TSC_IRQHandler
                0x000000000800295c                RTC_Alarm_IRQHandler
 *fill*         0x000000000800295e        0x2 
 .text.sprintf  0x0000000008002960       0x40 /Applications/ArmGNUToolchain/11.3.rel1/arm-none-eabi/bin/../lib/gcc/arm-none-eabi/11.3.1/../../../../arm-none-eabi/lib/thumb/v7e-m+fp/hard/libc_nano.a(libc_a-sprintf.o)
                0x0000000008002960                sprintf
                0x0000000008002960                siprintf
 .text.memset   0x00000000080029a0       0x10 /Applications/ArmGNUToolchain/11.3.rel1/arm-none-eabi/bin/../lib/gcc/arm-none-eabi/11.3.1/../../../../arm-none-eabi/lib/thumb/v7e-m+fp/hard/libc_nano.a(libc_a-memset.o)
                0x00000000080029a0                memset
 .text.__libc_init_array
                0x00000000080029b0       0x48 /Applications/ArmGNUToolchain/11.3.rel1/arm-none-eabi/bin/../lib/gcc/arm-none-eabi/11.3.1/../../../../arm-none-eabi/lib/thumb/v7e-m+fp/hard/libc_nano.a(libc_a-init.o)
                0x00000000080029b0                __libc_init_array
 .text.__retarget_lock_acquire_recursive
                0x00000000080029f8        0x2 /Applications/ArmGNUToolchain/11.3.rel1/arm-none-eabi/bin/../lib/gcc/arm-none-eabi/11.3.1/../../../../arm-none-eabi/lib/thumb/v7e-m+fp/hard/libc_nano.a(libc_a-lock.o)
                0x00000000080029f8                __retarget_lock_acquire_recursive
 .text.__retarget_lock_release_recursive
                0x00000000080029fa        0x2 /Applications/ArmGNUToolchain/11.3.rel1/arm-none-eabi/bin/../lib/gcc/arm-none-eabi/11.3.1/../../../../arm-none-eabi/lib/thumb/v7e-m+fp/hard/libc_nano.a(libc_a-lock.o)
                0x00000000080029fa                __retarget_lock_release_recursive
 .text.__ssputs_r
                0x00000000080029fc       0xb4 /Applications/ArmGNUToolchain/11.3.rel1/arm-none-eabi/bin/../lib/gcc/arm-none-eabi/11.3.1/../../../../arm-none-eabi/lib/thumb/v7e-m+fp/hard/libc_nano.a(libc_a-nano-svfprintf.o)
                0x00000000080029fc                __ssputs_r
 .text._svfprintf_r
                0x0000000008002ab0      0x1fc /Applications/ArmGNUToolchain/11.3.rel1/arm-none-eabi/bin/../lib/gcc/arm-none-eabi/11.3.1/../../../../arm-none-eabi/lib/thumb/v7e-m+fp/hard/libc_nano.a(libc_a-nano-svfprintf.o)
                0x0000000008002ab0                _svfprintf_r
                0x0000000008002ab0                _svfiprintf_r
 .text.sbrk_aligned
                0x0000000008002cac       0x40 /Applications/ArmGNUToolchain/11.3.rel1/arm-none-eabi/bin/../lib/gcc/arm-none-eabi/11.3.1/../../../../arm-none-eabi/lib/thumb/v7e-m+fp/hard/libc_nano.a(libc_a-mallocr.o)
 .text._malloc_r
                0x0000000008002cec       0xec /Applications/ArmGNUToolchain/11.3.rel1/arm-none-eabi/bin/../lib/gcc/arm-none-eabi/11.3.1/../../../../arm-none-eabi/lib/thumb/v7e-m+fp/hard/libc_nano.a(libc_a-mallocr.o)
                0x0000000008002cec                _malloc_r
 .text._printf_common
                0x0000000008002dd8       0xda /Applications/ArmGNUToolchain/11.3.rel1/arm-none-eabi/bin/../lib/gcc/arm-none-eabi/11.3.1/../../../../arm-none-eabi/lib/thumb/v7e-m+fp/hard/libc_nano.a(libc_a-nano-vfprintf_i.o)
                0x0000000008002dd8                _printf_common
 *fill*         0x0000000008002eb2        0x2 
 .text._printf_i
                0x0000000008002eb4      0x244 /Applications/ArmGNUToolchain/11.3.rel1/arm-none-eabi/bin/../lib/gcc/arm-none-eabi/11.3.1/../../../../arm-none-eabi/lib/thumb/v7e-m+fp/hard/libc_nano.a(libc_a-nano-vfprintf_i.o)
                0x0000000008002eb4                _printf_i
 .text.__malloc_lock
                0x00000000080030f8        0xc /Applications/ArmGNUToolchain/11.3.rel1/arm-none-eabi/bin/../lib/gcc/arm-none-eabi/11.3.1/../../../../arm-none-eabi/lib/thumb/v7e-m+fp/hard/libc_nano.a(libc_a-mlock.o)
                0x00000000080030f8                __malloc_lock
 .text.__malloc_unlock
                0x0000000008003104        0xc /Applications/ArmGNUToolchain/11.3.rel1/arm-none-eabi/bin/../lib/gcc/arm-none-eabi/11.3.1/../../../../arm-none-eabi/lib/thumb/v7e-m+fp/hard/libc_nano.a(libc_a-mlock.o)
                0x0000000008003104                __malloc_unlock
 .text._realloc_r
                0x0000000008003110       0x5e /Applications/ArmGNUToolchain/11.3.rel1/arm-none-eabi/bin/../lib/gcc/arm-none-eabi/11.3.1/../../../../arm-none-eabi/lib/thumb/v7e-m+fp/hard/libc_nano.a(libc_a-reallocr.o)
                0x0000000008003110                _realloc_r
 .text.memmove  0x000000000800316e       0x34 /Applications/ArmGNUToolchain/11.3.rel1/arm-none-eabi/bin/../lib/gcc/arm-none-eabi/11.3.1/../../../../arm-none-eabi/lib/thumb/v7e-m+fp/hard/libc_nano.a(libc_a-memmove.o)
                0x000000000800316e                memmove
 *fill*         0x00000000080031a2        0x2 
 .text._sbrk_r  0x00000000080031a4       0x20 /Applications/ArmGNUToolchain/11.3.rel1/arm-none-eabi/bin/../lib/gcc/arm-none-eabi/11.3.1/../../../../arm-none-eabi/lib/thumb/v7e-m+fp/hard/libc_nano.a(libc_a-sbrkr.o)
                0x00000000080031a4                _sbrk_r
 .text.memcpy   0x00000000080031c4       0x1c /Applications/ArmGNUToolchain/11.3.rel1/arm-none-eabi/bin/../lib/gcc/arm-none-eabi/11.3.1/../../../../arm-none-eabi/lib/thumb/v7e-m+fp/hard/libc_nano.a(libc_a-memcpy-stub.o)
                0x00000000080031c4                memcpy
 .text._free_r  0x00000000080031e0       0x98 /Applications/ArmGNUToolchain/11.3.rel1/arm-none-eabi/bin/../lib/gcc/arm-none-eabi/11.3.1/../../../../arm-none-eabi/lib/thumb/v7e-m+fp/hard/libc_nano.a(libc_a-freer.o)
                0x00000000080031e0                _free_r
 .text._malloc_usable_size_r
                0x0000000008003278       0x10 /Applications/ArmGNUToolchain/11.3.rel1/arm-none-eabi/bin/../lib/gcc/arm-none-eabi/11.3.1/../../../../arm-none-eabi/lib/thumb/v7e-m+fp/hard/libc_nano.a(libc_a-msizer.o)
                0x0000000008003278                _malloc_usable_size_r
 .text._sbrk    0x0000000008003288       0x1c /Applications/ArmGNUToolchain/11.3.rel1/arm-none-eabi/bin/../lib/gcc/arm-none-eabi/11.3.1/../../../../arm-none-eabi/lib/thumb/v7e-m+fp/hard/libnosys.a(sbrk.o)
                0x0000000008003288                _sbrk
 *(.glue_7)
 .glue_7        0x00000000080032a4        0x0 linker stubs
 *(.glue_7t)
 .glue_7t       0x00000000080032a4        0x0 linker stubs
 *(.eh_frame)
 .eh_frame      0x00000000080032a4        0x0 /Applications/ArmGNUToolchain/11.3.rel1/arm-none-eabi/bin/../lib/gcc/arm-none-eabi/11.3.1/thumb/v7e-m+fp/hard/crtbegin.o
 *(.init)
 .init          0x00000000080032a4        0x4 /Applications/ArmGNUToolchain/11.3.rel1/arm-none-eabi/bin/../lib/gcc/arm-none-eabi/11.3.1/thumb/v7e-m+fp/hard/crti.o
                0x00000000080032a4                _init
 .init          0x00000000080032a8        0x8 /Applications/ArmGNUToolchain/11.3.rel1/arm-none-eabi/bin/../lib/gcc/arm-none-eabi/11.3.1/thumb/v7e-m+fp/hard/crtn.o
 *(.fini)
 .fini          0x00000000080032b0        0x4 /Applications/ArmGNUToolchain/11.3.rel1/arm-none-eabi/bin/../lib/gcc/arm-none-eabi/11.3.1/thumb/v7e-m+fp/hard/crti.o
                0x00000000080032b0                _fini
 .fini          0x00000000080032b4        0x8 /Applications/ArmGNUToolchain/11.3.rel1/arm-none-eabi/bin/../lib/gcc/arm-none-eabi/11.3.1/thumb/v7e-m+fp/hard/crtn.o
                0x00000000080032bc                . = ALIGN (0x4)
                0x00000000080032bc                _etext = .

.vfp11_veneer   0x00000000080032bc        0x0
 .vfp11_veneer  0x00000000080032bc        0x0 linker stubs

.v4_bx          0x00000000080032bc        0x0
 .v4_bx         0x00000000080032bc        0x0 linker stubs

.iplt           0x00000000080032bc        0x0
 .iplt          0x00000000080032bc        0x0 /Applications/ArmGNUToolchain/11.3.rel1/arm-none-eabi/bin/../lib/gcc/arm-none-eabi/11.3.1/thumb/v7e-m+fp/hard/crtbegin.o

.rodata         0x00000000080032bc      0x110
                0x00000000080032bc                . = ALIGN (0x4)
 *(.rodata)
 *(.rodata*)
 .rodata.main.str1.4
                0x00000000080032bc       0xa1 build/main.o
 *fill*         0x000000000800335d        0x3 
 .rodata.aPLLMULFactorTable
                0x0000000008003360       0x10 build/stm32f3xx_hal_rcc.o
                0x0000000008003360                aPLLMULFactorTable
 .rodata.aPredivFactorTable
                0x0000000008003370       0x10 build/stm32f3xx_hal_rcc.o
                0x0000000008003370                aPredivFactorTable
 .rodata.AHBPrescTable
                0x0000000008003380       0x10 build/system_stm32f3xx.o
                0x0000000008003380                AHBPrescTable
 .rodata.APBPrescTable
                0x0000000008003390        0x8 build/system_stm32f3xx.o
                0x0000000008003390                APBPrescTable
 .rodata._svfprintf_r.str1.1
                0x0000000008003398       0x11 /Applications/ArmGNUToolchain/11.3.rel1/arm-none-eabi/bin/../lib/gcc/arm-none-eabi/11.3.1/../../../../arm-none-eabi/lib/thumb/v7e-m+fp/hard/libc_nano.a(libc_a-nano-svfprintf.o)
 .rodata._printf_i.str1.1
                0x00000000080033a9       0x22 /Applications/ArmGNUToolchain/11.3.rel1/arm-none-eabi/bin/../lib/gcc/arm-none-eabi/11.3.1/../../../../arm-none-eabi/lib/thumb/v7e-m+fp/hard/libc_nano.a(libc_a-nano-vfprintf_i.o)
                0x00000000080033cc                . = ALIGN (0x4)
 *fill*         0x00000000080033cb        0x1 

.rel.dyn        0x00000000080033cc        0x0
 .rel.iplt      0x00000000080033cc        0x0 /Applications/ArmGNUToolchain/11.3.rel1/arm-none-eabi/bin/../lib/gcc/arm-none-eabi/11.3.1/thumb/v7e-m+fp/hard/crtbegin.o

.ARM.extab
 *(.ARM.extab* .gnu.linkonce.armextab.*)

.ARM            0x00000000080033cc        0x0
                0x00000000080033cc                __exidx_start = .
 *(.ARM.exidx*)
                0x00000000080033cc                __exidx_end = .

.preinit_array  0x00000000080033cc        0x0
                0x00000000080033cc                PROVIDE (__preinit_array_start = .)
 *(.preinit_array*)
                0x00000000080033cc                PROVIDE (__preinit_array_end = .)

.init_array     0x00000000080033cc        0x4
                0x00000000080033cc                PROVIDE (__init_array_start = .)
 *(SORT_BY_NAME(.init_array.*))
 *(.init_array*)
 .init_array    0x00000000080033cc        0x4 /Applications/ArmGNUToolchain/11.3.rel1/arm-none-eabi/bin/../lib/gcc/arm-none-eabi/11.3.1/thumb/v7e-m+fp/hard/crtbegin.o
                0x00000000080033d0                PROVIDE (__init_array_end = .)

.fini_array     0x00000000080033d0        0x4
                [!provide]                        PROVIDE (__fini_array_start = .)
 *(SORT_BY_NAME(.fini_array.*))
 *(.fini_array*)
 .fini_array    0x00000000080033d0        0x4 /Applications/ArmGNUToolchain/11.3.rel1/arm-none-eabi/bin/../lib/gcc/arm-none-eabi/11.3.1/thumb/v7e-m+fp/hard/crtbegin.o
                [!provide]                        PROVIDE (__fini_array_end = .)
                0x00000000080033d4                _sidata = LOADADDR (.data)

.data           0x0000000020000000       0x64 load address 0x00000000080033d4
                0x0000000020000000                . = ALIGN (0x4)
                0x0000000020000000                _sdata = .
 *(.data)
 *(.data*)
 .data.no_of_mailboxes
                0x0000000020000000        0x4 build/main.o
                0x0000000020000000                no_of_mailboxes
 .data.x        0x0000000020000004        0x4 build/main.o
                0x0000000020000004                x
 .data.uwTickFreq
                0x0000000020000008        0x1 build/stm32f3xx_hal.o
                0x0000000020000008                uwTickFreq
 *fill*         0x0000000020000009        0x3 
 .data.uwTickPrio
                0x000000002000000c        0x4 build/stm32f3xx_hal.o
                0x000000002000000c                uwTickPrio
 .data.SystemCoreClock
                0x0000000020000010        0x4 build/system_stm32f3xx.o
                0x0000000020000010                SystemCoreClock
 .data._impure_data
                0x0000000020000014       0x4c /Applications/ArmGNUToolchain/11.3.rel1/arm-none-eabi/bin/../lib/gcc/arm-none-eabi/11.3.1/../../../../arm-none-eabi/lib/thumb/v7e-m+fp/hard/libc_nano.a(libc_a-impure.o)
                0x0000000020000014                _impure_data
 .data._impure_ptr
                0x0000000020000060        0x4 /Applications/ArmGNUToolchain/11.3.rel1/arm-none-eabi/bin/../lib/gcc/arm-none-eabi/11.3.1/../../../../arm-none-eabi/lib/thumb/v7e-m+fp/hard/libc_nano.a(libc_a-impure.o)
                0x0000000020000060                _impure_ptr
                0x0000000020000064                . = ALIGN (0x4)
                0x0000000020000064                _edata = .
                0x0000000008003438                _siccmram = LOADADDR (.ccmram)

.tm_clone_table
                0x0000000020000064        0x0 load address 0x0000000008003438
 .tm_clone_table
                0x0000000020000064        0x0 /Applications/ArmGNUToolchain/11.3.rel1/arm-none-eabi/bin/../lib/gcc/arm-none-eabi/11.3.1/thumb/v7e-m+fp/hard/crtbegin.o
 .tm_clone_table
                0x0000000020000064        0x0 /Applications/ArmGNUToolchain/11.3.rel1/arm-none-eabi/bin/../lib/gcc/arm-none-eabi/11.3.1/thumb/v7e-m+fp/hard/crtend.o

.igot.plt       0x0000000020000064        0x0 load address 0x0000000008003438
 .igot.plt      0x0000000020000064        0x0 /Applications/ArmGNUToolchain/11.3.rel1/arm-none-eabi/bin/../lib/gcc/arm-none-eabi/11.3.1/thumb/v7e-m+fp/hard/crtbegin.o

.ccmram         0x0000000010000000        0x0 load address 0x0000000008003438
                0x0000000010000000                . = ALIGN (0x4)
                0x0000000010000000                _sccmram = .
 *(.ccmram)
 *(.ccmram*)
                0x0000000010000000                . = ALIGN (0x4)
                0x0000000010000000                _eccmram = .
                0x0000000010000000                . = ALIGN (0x4)

.bss            0x0000000020000064      0x628
                0x0000000020000064                _sbss = .
                0x0000000020000064                __bss_start__ = _sbss
 *(.bss)
 *(.bss*)
 .bss.completed.1
                0x0000000020000064        0x1 /Applications/ArmGNUToolchain/11.3.rel1/arm-none-eabi/bin/../lib/gcc/arm-none-eabi/11.3.1/thumb/v7e-m+fp/hard/crtbegin.o
 *fill*         0x0000000020000065        0x3 
 .bss.object.0  0x0000000020000068       0x18 /Applications/ArmGNUToolchain/11.3.rel1/arm-none-eabi/bin/../lib/gcc/arm-none-eabi/11.3.1/thumb/v7e-m+fp/hard/crtbegin.o
 .bss.MSG       0x0000000020000080       0x1e build/main.o
                0x0000000020000080                MSG
 *fill*         0x000000002000009e        0x2 
 .bss.RxData    0x00000000200000a0        0x8 build/main.o
                0x00000000200000a0                RxData
 .bss.RxHeader  0x00000000200000a8       0x1c build/main.o
                0x00000000200000a8                RxHeader
 .bss.TxData    0x00000000200000c4        0x8 build/main.o
                0x00000000200000c4                TxData
 .bss.TxHeader  0x00000000200000cc       0x18 build/main.o
                0x00000000200000cc                TxHeader
 .bss.TxMailBox
                0x00000000200000e4       0x10 build/main.o
                0x00000000200000e4                TxMailBox
 .bss.hcan      0x00000000200000f4       0x28 build/can.o
                0x00000000200000f4                hcan
 .bss.hi2c1     0x000000002000011c       0x4c build/i2c.o
                0x000000002000011c                hi2c1
 .bss.hspi1     0x0000000020000168       0x64 build/spi.o
                0x0000000020000168                hspi1
 .bss.hpcd_USB_FS
                0x00000000200001cc      0x2ec build/usb.o
                0x00000000200001cc                hpcd_USB_FS
 .bss.uwTick    0x00000000200004b8        0x4 build/stm32f3xx_hal.o
                0x00000000200004b8                uwTick
 .bss.huart1    0x00000000200004bc       0x84 build/usart.o
                0x00000000200004bc                huart1
 .bss.__sf      0x0000000020000540      0x138 /Applications/ArmGNUToolchain/11.3.rel1/arm-none-eabi/bin/../lib/gcc/arm-none-eabi/11.3.1/../../../../arm-none-eabi/lib/thumb/v7e-m+fp/hard/libc_nano.a(libc_a-findfp.o)
                0x0000000020000540                __sf
 .bss.__lock___malloc_recursive_mutex
                0x0000000020000678        0x1 /Applications/ArmGNUToolchain/11.3.rel1/arm-none-eabi/bin/../lib/gcc/arm-none-eabi/11.3.1/../../../../arm-none-eabi/lib/thumb/v7e-m+fp/hard/libc_nano.a(libc_a-lock.o)
                0x0000000020000678                __lock___malloc_recursive_mutex
 *fill*         0x0000000020000679        0x3 
 .bss.__malloc_free_list
                0x000000002000067c        0x4 /Applications/ArmGNUToolchain/11.3.rel1/arm-none-eabi/bin/../lib/gcc/arm-none-eabi/11.3.1/../../../../arm-none-eabi/lib/thumb/v7e-m+fp/hard/libc_nano.a(libc_a-mallocr.o)
                0x000000002000067c                __malloc_free_list
 .bss.__malloc_sbrk_start
                0x0000000020000680        0x4 /Applications/ArmGNUToolchain/11.3.rel1/arm-none-eabi/bin/../lib/gcc/arm-none-eabi/11.3.1/../../../../arm-none-eabi/lib/thumb/v7e-m+fp/hard/libc_nano.a(libc_a-mallocr.o)
                0x0000000020000680                __malloc_sbrk_start
 .bss.errno     0x0000000020000684        0x4 /Applications/ArmGNUToolchain/11.3.rel1/arm-none-eabi/bin/../lib/gcc/arm-none-eabi/11.3.1/../../../../arm-none-eabi/lib/thumb/v7e-m+fp/hard/libc_nano.a(libc_a-reent.o)
                0x0000000020000684                errno
 .bss.heap_end.0
                0x0000000020000688        0x4 /Applications/ArmGNUToolchain/11.3.rel1/arm-none-eabi/bin/../lib/gcc/arm-none-eabi/11.3.1/../../../../arm-none-eabi/lib/thumb/v7e-m+fp/hard/libnosys.a(sbrk.o)
 *(COMMON)
                0x000000002000068c                . = ALIGN (0x4)
                0x000000002000068c                _ebss = .
                0x000000002000068c                __bss_end__ = _ebss

._user_heap_stack
                0x000000002000068c      0x604
                0x0000000020000690                . = ALIGN (0x8)
 *fill*         0x000000002000068c        0x4 
                0x0000000020000690                PROVIDE (end = .)
                [!provide]                        PROVIDE (_end = .)
                0x0000000020000890                . = (. + _Min_Heap_Size)
 *fill*         0x0000000020000690      0x200 
                0x0000000020000c90                . = (. + _Min_Stack_Size)
 *fill*         0x0000000020000890      0x400 
                0x0000000020000c90                . = ALIGN (0x8)

/DISCARD/
 libc.a(*)
 libm.a(*)
 libgcc.a(*)

.ARM.attributes
                0x0000000000000000       0x30
 *(.ARM.attributes)
 .ARM.attributes
                0x0000000000000000       0x1e /Applications/ArmGNUToolchain/11.3.rel1/arm-none-eabi/bin/../lib/gcc/arm-none-eabi/11.3.1/thumb/v7e-m+fp/hard/crti.o
 .ARM.attributes
                0x000000000000001e       0x34 /Applications/ArmGNUToolchain/11.3.rel1/arm-none-eabi/bin/../lib/gcc/arm-none-eabi/11.3.1/thumb/v7e-m+fp/hard/crtbegin.o
 .ARM.attributes
                0x0000000000000052       0x34 build/main.o
 .ARM.attributes
                0x0000000000000086       0x34 build/gpio.o
 .ARM.attributes
                0x00000000000000ba       0x34 build/can.o
 .ARM.attributes
                0x00000000000000ee       0x34 build/i2c.o
 .ARM.attributes
                0x0000000000000122       0x34 build/spi.o
 .ARM.attributes
                0x0000000000000156       0x34 build/usb.o
 .ARM.attributes
                0x000000000000018a       0x34 build/stm32f3xx_it.o
 .ARM.attributes
                0x00000000000001be       0x34 build/stm32f3xx_hal_msp.o
 .ARM.attributes
                0x00000000000001f2       0x34 build/stm32f3xx_ll_usb.o
 .ARM.attributes
                0x0000000000000226       0x34 build/stm32f3xx_hal_can.o
 .ARM.attributes
                0x000000000000025a       0x34 build/stm32f3xx_hal.o
 .ARM.attributes
                0x000000000000028e       0x34 build/stm32f3xx_hal_rcc.o
 .ARM.attributes
                0x00000000000002c2       0x34 build/stm32f3xx_hal_rcc_ex.o
 .ARM.attributes
                0x00000000000002f6       0x34 build/stm32f3xx_hal_gpio.o
 .ARM.attributes
                0x000000000000032a       0x34 build/stm32f3xx_hal_cortex.o
 .ARM.attributes
                0x000000000000035e       0x34 build/stm32f3xx_hal_i2c.o
 .ARM.attributes
                0x0000000000000392       0x34 build/stm32f3xx_hal_i2c_ex.o
 .ARM.attributes
                0x00000000000003c6       0x34 build/stm32f3xx_hal_spi.o
 .ARM.attributes
                0x00000000000003fa       0x34 build/stm32f3xx_hal_pcd.o
 .ARM.attributes
                0x000000000000042e       0x34 build/system_stm32f3xx.o
 .ARM.attributes
                0x0000000000000462       0x34 build/usart.o
 .ARM.attributes
                0x0000000000000496       0x34 build/stm32f3xx_hal_uart.o
 .ARM.attributes
                0x00000000000004ca       0x21 build/startup_stm32f303xc.o
 .ARM.attributes
                0x00000000000004eb       0x34 /Applications/ArmGNUToolchain/11.3.rel1/arm-none-eabi/bin/../lib/gcc/arm-none-eabi/11.3.1/../../../../arm-none-eabi/lib/thumb/v7e-m+fp/hard/libc_nano.a(libc_a-sprintf.o)
 .ARM.attributes
                0x000000000000051f       0x34 /Applications/ArmGNUToolchain/11.3.rel1/arm-none-eabi/bin/../lib/gcc/arm-none-eabi/11.3.1/../../../../arm-none-eabi/lib/thumb/v7e-m+fp/hard/libc_nano.a(libc_a-findfp.o)
 .ARM.attributes
                0x0000000000000553       0x34 /Applications/ArmGNUToolchain/11.3.rel1/arm-none-eabi/bin/../lib/gcc/arm-none-eabi/11.3.1/../../../../arm-none-eabi/lib/thumb/v7e-m+fp/hard/libc_nano.a(libc_a-memset.o)
 .ARM.attributes
                0x0000000000000587       0x34 /Applications/ArmGNUToolchain/11.3.rel1/arm-none-eabi/bin/../lib/gcc/arm-none-eabi/11.3.1/../../../../arm-none-eabi/lib/thumb/v7e-m+fp/hard/libc_nano.a(libc_a-impure.o)
 .ARM.attributes
                0x00000000000005bb       0x34 /Applications/ArmGNUToolchain/11.3.rel1/arm-none-eabi/bin/../lib/gcc/arm-none-eabi/11.3.1/../../../../arm-none-eabi/lib/thumb/v7e-m+fp/hard/libc_nano.a(libc_a-init.o)
 .ARM.attributes
                0x00000000000005ef       0x34 /Applications/ArmGNUToolchain/11.3.rel1/arm-none-eabi/bin/../lib/gcc/arm-none-eabi/11.3.1/../../../../arm-none-eabi/lib/thumb/v7e-m+fp/hard/libc_nano.a(libc_a-lock.o)
 .ARM.attributes
                0x0000000000000623       0x34 /Applications/ArmGNUToolchain/11.3.rel1/arm-none-eabi/bin/../lib/gcc/arm-none-eabi/11.3.1/../../../../arm-none-eabi/lib/thumb/v7e-m+fp/hard/libc_nano.a(libc_a-nano-svfprintf.o)
 .ARM.attributes
                0x0000000000000657       0x34 /Applications/ArmGNUToolchain/11.3.rel1/arm-none-eabi/bin/../lib/gcc/arm-none-eabi/11.3.1/../../../../arm-none-eabi/lib/thumb/v7e-m+fp/hard/libc_nano.a(libc_a-mallocr.o)
 .ARM.attributes
                0x000000000000068b       0x34 /Applications/ArmGNUToolchain/11.3.rel1/arm-none-eabi/bin/../lib/gcc/arm-none-eabi/11.3.1/../../../../arm-none-eabi/lib/thumb/v7e-m+fp/hard/libc_nano.a(libc_a-nano-vfprintf_i.o)
 .ARM.attributes
                0x00000000000006bf       0x34 /Applications/ArmGNUToolchain/11.3.rel1/arm-none-eabi/bin/../lib/gcc/arm-none-eabi/11.3.1/../../../../arm-none-eabi/lib/thumb/v7e-m+fp/hard/libc_nano.a(libc_a-mlock.o)
 .ARM.attributes
                0x00000000000006f3       0x34 /Applications/ArmGNUToolchain/11.3.rel1/arm-none-eabi/bin/../lib/gcc/arm-none-eabi/11.3.1/../../../../arm-none-eabi/lib/thumb/v7e-m+fp/hard/libc_nano.a(libc_a-reallocr.o)
 .ARM.attributes
                0x0000000000000727       0x34 /Applications/ArmGNUToolchain/11.3.rel1/arm-none-eabi/bin/../lib/gcc/arm-none-eabi/11.3.1/../../../../arm-none-eabi/lib/thumb/v7e-m+fp/hard/libc_nano.a(libc_a-memmove.o)
 .ARM.attributes
                0x000000000000075b       0x34 /Applications/ArmGNUToolchain/11.3.rel1/arm-none-eabi/bin/../lib/gcc/arm-none-eabi/11.3.1/../../../../arm-none-eabi/lib/thumb/v7e-m+fp/hard/libc_nano.a(libc_a-reent.o)
 .ARM.attributes
                0x000000000000078f       0x34 /Applications/ArmGNUToolchain/11.3.rel1/arm-none-eabi/bin/../lib/gcc/arm-none-eabi/11.3.1/../../../../arm-none-eabi/lib/thumb/v7e-m+fp/hard/libc_nano.a(libc_a-sbrkr.o)
 .ARM.attributes
                0x00000000000007c3       0x1c /Applications/ArmGNUToolchain/11.3.rel1/arm-none-eabi/bin/../lib/gcc/arm-none-eabi/11.3.1/../../../../arm-none-eabi/lib/thumb/v7e-m+fp/hard/libc_nano.a(libc_a-memchr.o)
 .ARM.attributes
                0x00000000000007df       0x34 /Applications/ArmGNUToolchain/11.3.rel1/arm-none-eabi/bin/../lib/gcc/arm-none-eabi/11.3.1/../../../../arm-none-eabi/lib/thumb/v7e-m+fp/hard/libc_nano.a(libc_a-memcpy-stub.o)
 .ARM.attributes
                0x0000000000000813       0x34 /Applications/ArmGNUToolchain/11.3.rel1/arm-none-eabi/bin/../lib/gcc/arm-none-eabi/11.3.1/../../../../arm-none-eabi/lib/thumb/v7e-m+fp/hard/libc_nano.a(libc_a-freer.o)
 .ARM.attributes
                0x0000000000000847       0x34 /Applications/ArmGNUToolchain/11.3.rel1/arm-none-eabi/bin/../lib/gcc/arm-none-eabi/11.3.1/../../../../arm-none-eabi/lib/thumb/v7e-m+fp/hard/libc_nano.a(libc_a-msizer.o)
 .ARM.attributes
                0x000000000000087b       0x34 /Applications/ArmGNUToolchain/11.3.rel1/arm-none-eabi/bin/../lib/gcc/arm-none-eabi/11.3.1/../../../../arm-none-eabi/lib/thumb/v7e-m+fp/hard/libnosys.a(sbrk.o)
 .ARM.attributes
                0x00000000000008af       0x34 /Applications/ArmGNUToolchain/11.3.rel1/arm-none-eabi/bin/../lib/gcc/arm-none-eabi/11.3.1/thumb/v7e-m+fp/hard/crtend.o
 .ARM.attributes
                0x00000000000008e3       0x1e /Applications/ArmGNUToolchain/11.3.rel1/arm-none-eabi/bin/../lib/gcc/arm-none-eabi/11.3.1/thumb/v7e-m+fp/hard/crtn.o
OUTPUT(build/CAN_LOOPBACK.elf elf32-littlearm)
LOAD linker stubs
LOAD /Applications/ArmGNUToolchain/11.3.rel1/arm-none-eabi/bin/../lib/gcc/arm-none-eabi/11.3.1/../../../../arm-none-eabi/lib/thumb/v7e-m+fp/hard/libc.a
LOAD /Applications/ArmGNUToolchain/11.3.rel1/arm-none-eabi/bin/../lib/gcc/arm-none-eabi/11.3.1/../../../../arm-none-eabi/lib/thumb/v7e-m+fp/hard/libm.a
LOAD /Applications/ArmGNUToolchain/11.3.rel1/arm-none-eabi/bin/../lib/gcc/arm-none-eabi/11.3.1/thumb/v7e-m+fp/hard/libgcc.a

.comment        0x0000000000000000       0x7c
 .comment       0x0000000000000000       0x33 /Applications/ArmGNUToolchain/11.3.rel1/arm-none-eabi/bin/../lib/gcc/arm-none-eabi/11.3.1/thumb/v7e-m+fp/hard/crtbegin.o
                                         0x34 (size before relaxing)
 .comment       0x0000000000000033       0x34 build/main.o
 .comment       0x0000000000000033       0x49 build/gpio.o
                                         0x4a (size before relaxing)
 .comment       0x000000000000007c       0x4a build/can.o
 .comment       0x000000000000007c       0x4a build/i2c.o
 .comment       0x000000000000007c       0x4a build/spi.o
 .comment       0x000000000000007c       0x4a build/usb.o
 .comment       0x000000000000007c       0x4a build/stm32f3xx_it.o
 .comment       0x000000000000007c       0x4a build/stm32f3xx_hal_msp.o
 .comment       0x000000000000007c       0x4a build/stm32f3xx_ll_usb.o
 .comment       0x000000000000007c       0x4a build/stm32f3xx_hal_can.o
 .comment       0x000000000000007c       0x4a build/stm32f3xx_hal.o
 .comment       0x000000000000007c       0x4a build/stm32f3xx_hal_rcc.o
 .comment       0x000000000000007c       0x4a build/stm32f3xx_hal_rcc_ex.o
 .comment       0x000000000000007c       0x4a build/stm32f3xx_hal_gpio.o
 .comment       0x000000000000007c       0x4a build/stm32f3xx_hal_cortex.o
 .comment       0x000000000000007c       0x4a build/stm32f3xx_hal_i2c.o
 .comment       0x000000000000007c       0x4a build/stm32f3xx_hal_i2c_ex.o
 .comment       0x000000000000007c       0x4a build/stm32f3xx_hal_spi.o
 .comment       0x000000000000007c       0x4a build/stm32f3xx_hal_pcd.o
 .comment       0x000000000000007c       0x4a build/system_stm32f3xx.o
 .comment       0x000000000000007c       0x4a build/usart.o
 .comment       0x000000000000007c       0x4a build/stm32f3xx_hal_uart.o
 .comment       0x000000000000007c       0x34 /Applications/ArmGNUToolchain/11.3.rel1/arm-none-eabi/bin/../lib/gcc/arm-none-eabi/11.3.1/../../../../arm-none-eabi/lib/thumb/v7e-m+fp/hard/libc_nano.a(libc_a-sprintf.o)
 .comment       0x000000000000007c       0x34 /Applications/ArmGNUToolchain/11.3.rel1/arm-none-eabi/bin/../lib/gcc/arm-none-eabi/11.3.1/../../../../arm-none-eabi/lib/thumb/v7e-m+fp/hard/libc_nano.a(libc_a-findfp.o)
 .comment       0x000000000000007c       0x34 /Applications/ArmGNUToolchain/11.3.rel1/arm-none-eabi/bin/../lib/gcc/arm-none-eabi/11.3.1/../../../../arm-none-eabi/lib/thumb/v7e-m+fp/hard/libc_nano.a(libc_a-memset.o)
 .comment       0x000000000000007c       0x34 /Applications/ArmGNUToolchain/11.3.rel1/arm-none-eabi/bin/../lib/gcc/arm-none-eabi/11.3.1/../../../../arm-none-eabi/lib/thumb/v7e-m+fp/hard/libc_nano.a(libc_a-impure.o)
 .comment       0x000000000000007c       0x34 /Applications/ArmGNUToolchain/11.3.rel1/arm-none-eabi/bin/../lib/gcc/arm-none-eabi/11.3.1/../../../../arm-none-eabi/lib/thumb/v7e-m+fp/hard/libc_nano.a(libc_a-init.o)
 .comment       0x000000000000007c       0x34 /Applications/ArmGNUToolchain/11.3.rel1/arm-none-eabi/bin/../lib/gcc/arm-none-eabi/11.3.1/../../../../arm-none-eabi/lib/thumb/v7e-m+fp/hard/libc_nano.a(libc_a-lock.o)
 .comment       0x000000000000007c       0x34 /Applications/ArmGNUToolchain/11.3.rel1/arm-none-eabi/bin/../lib/gcc/arm-none-eabi/11.3.1/../../../../arm-none-eabi/lib/thumb/v7e-m+fp/hard/libc_nano.a(libc_a-nano-svfprintf.o)
 .comment       0x000000000000007c       0x34 /Applications/ArmGNUToolchain/11.3.rel1/arm-none-eabi/bin/../lib/gcc/arm-none-eabi/11.3.1/../../../../arm-none-eabi/lib/thumb/v7e-m+fp/hard/libc_nano.a(libc_a-mallocr.o)
 .comment       0x000000000000007c       0x34 /Applications/ArmGNUToolchain/11.3.rel1/arm-none-eabi/bin/../lib/gcc/arm-none-eabi/11.3.1/../../../../arm-none-eabi/lib/thumb/v7e-m+fp/hard/libc_nano.a(libc_a-nano-vfprintf_i.o)
 .comment       0x000000000000007c       0x34 /Applications/ArmGNUToolchain/11.3.rel1/arm-none-eabi/bin/../lib/gcc/arm-none-eabi/11.3.1/../../../../arm-none-eabi/lib/thumb/v7e-m+fp/hard/libc_nano.a(libc_a-mlock.o)
 .comment       0x000000000000007c       0x34 /Applications/ArmGNUToolchain/11.3.rel1/arm-none-eabi/bin/../lib/gcc/arm-none-eabi/11.3.1/../../../../arm-none-eabi/lib/thumb/v7e-m+fp/hard/libc_nano.a(libc_a-reallocr.o)
 .comment       0x000000000000007c       0x34 /Applications/ArmGNUToolchain/11.3.rel1/arm-none-eabi/bin/../lib/gcc/arm-none-eabi/11.3.1/../../../../arm-none-eabi/lib/thumb/v7e-m+fp/hard/libc_nano.a(libc_a-memmove.o)
 .comment       0x000000000000007c       0x34 /Applications/ArmGNUToolchain/11.3.rel1/arm-none-eabi/bin/../lib/gcc/arm-none-eabi/11.3.1/../../../../arm-none-eabi/lib/thumb/v7e-m+fp/hard/libc_nano.a(libc_a-reent.o)
 .comment       0x000000000000007c       0x34 /Applications/ArmGNUToolchain/11.3.rel1/arm-none-eabi/bin/../lib/gcc/arm-none-eabi/11.3.1/../../../../arm-none-eabi/lib/thumb/v7e-m+fp/hard/libc_nano.a(libc_a-sbrkr.o)
 .comment       0x000000000000007c       0x34 /Applications/ArmGNUToolchain/11.3.rel1/arm-none-eabi/bin/../lib/gcc/arm-none-eabi/11.3.1/../../../../arm-none-eabi/lib/thumb/v7e-m+fp/hard/libc_nano.a(libc_a-memcpy-stub.o)
 .comment       0x000000000000007c       0x34 /Applications/ArmGNUToolchain/11.3.rel1/arm-none-eabi/bin/../lib/gcc/arm-none-eabi/11.3.1/../../../../arm-none-eabi/lib/thumb/v7e-m+fp/hard/libc_nano.a(libc_a-freer.o)
 .comment       0x000000000000007c       0x34 /Applications/ArmGNUToolchain/11.3.rel1/arm-none-eabi/bin/../lib/gcc/arm-none-eabi/11.3.1/../../../../arm-none-eabi/lib/thumb/v7e-m+fp/hard/libc_nano.a(libc_a-msizer.o)
 .comment       0x000000000000007c       0x34 /Applications/ArmGNUToolchain/11.3.rel1/arm-none-eabi/bin/../lib/gcc/arm-none-eabi/11.3.1/../../../../arm-none-eabi/lib/thumb/v7e-m+fp/hard/libnosys.a(sbrk.o)
 .comment       0x000000000000007c       0x34 /Applications/ArmGNUToolchain/11.3.rel1/arm-none-eabi/bin/../lib/gcc/arm-none-eabi/11.3.1/thumb/v7e-m+fp/hard/crtend.o

.debug_info     0x0000000000000000    0x223a4
 .debug_info    0x0000000000000000     0x16d0 build/main.o
 .debug_info    0x00000000000016d0      0x422 build/gpio.o
 .debug_info    0x0000000000001af2      0xbb4 build/can.o
 .debug_info    0x00000000000026a6      0xa82 build/i2c.o
 .debug_info    0x0000000000003128      0x9d5 build/spi.o
 .debug_info    0x0000000000003afd      0x9b3 build/usb.o
 .debug_info    0x00000000000044b0      0x5f3 build/stm32f3xx_it.o
 .debug_info    0x0000000000004aa3      0x1ef build/stm32f3xx_hal_msp.o
 .debug_info    0x0000000000004c92     0x1a36 build/stm32f3xx_ll_usb.o
 .debug_info    0x00000000000066c8     0x1395 build/stm32f3xx_hal_can.o
 .debug_info    0x0000000000007a5d      0x932 build/stm32f3xx_hal.o
 .debug_info    0x000000000000838f     0x16de build/stm32f3xx_hal_rcc.o
 .debug_info    0x0000000000009a6d      0x7f1 build/stm32f3xx_hal_rcc_ex.o
 .debug_info    0x000000000000a25e      0x744 build/stm32f3xx_hal_gpio.o
 .debug_info    0x000000000000a9a2     0x10cf build/stm32f3xx_hal_cortex.o
 .debug_info    0x000000000000ba71     0x4136 build/stm32f3xx_hal_i2c.o
 .debug_info    0x000000000000fba7      0x966 build/stm32f3xx_hal_i2c_ex.o
 .debug_info    0x000000000001050d     0x231b build/stm32f3xx_hal_spi.o
 .debug_info    0x0000000000012828     0x1d0d build/stm32f3xx_hal_pcd.o
 .debug_info    0x0000000000014535      0x47d build/system_stm32f3xx.o
 .debug_info    0x00000000000149b2      0xa7d build/usart.o
 .debug_info    0x000000000001542f     0x5114 build/stm32f3xx_hal_uart.o
 .debug_info    0x000000000001a543       0x22 build/startup_stm32f303xc.o
 .debug_info    0x000000000001a565      0x87e /Applications/ArmGNUToolchain/11.3.rel1/arm-none-eabi/bin/../lib/gcc/arm-none-eabi/11.3.1/../../../../arm-none-eabi/lib/thumb/v7e-m+fp/hard/libc_nano.a(libc_a-sprintf.o)
 .debug_info    0x000000000001ade3      0xf8f /Applications/ArmGNUToolchain/11.3.rel1/arm-none-eabi/bin/../lib/gcc/arm-none-eabi/11.3.1/../../../../arm-none-eabi/lib/thumb/v7e-m+fp/hard/libc_nano.a(libc_a-findfp.o)
 .debug_info    0x000000000001bd72       0xe0 /Applications/ArmGNUToolchain/11.3.rel1/arm-none-eabi/bin/../lib/gcc/arm-none-eabi/11.3.1/../../../../arm-none-eabi/lib/thumb/v7e-m+fp/hard/libc_nano.a(libc_a-memset.o)
 .debug_info    0x000000000001be52      0x714 /Applications/ArmGNUToolchain/11.3.rel1/arm-none-eabi/bin/../lib/gcc/arm-none-eabi/11.3.1/../../../../arm-none-eabi/lib/thumb/v7e-m+fp/hard/libc_nano.a(libc_a-impure.o)
 .debug_info    0x000000000001c566      0x10b /Applications/ArmGNUToolchain/11.3.rel1/arm-none-eabi/bin/../lib/gcc/arm-none-eabi/11.3.1/../../../../arm-none-eabi/lib/thumb/v7e-m+fp/hard/libc_nano.a(libc_a-init.o)
 .debug_info    0x000000000001c671      0x20a /Applications/ArmGNUToolchain/11.3.rel1/arm-none-eabi/bin/../lib/gcc/arm-none-eabi/11.3.1/../../../../arm-none-eabi/lib/thumb/v7e-m+fp/hard/libc_nano.a(libc_a-lock.o)
 .debug_info    0x000000000001c87b     0x10c1 /Applications/ArmGNUToolchain/11.3.rel1/arm-none-eabi/bin/../lib/gcc/arm-none-eabi/11.3.1/../../../../arm-none-eabi/lib/thumb/v7e-m+fp/hard/libc_nano.a(libc_a-nano-svfprintf.o)
 .debug_info    0x000000000001d93c      0x9bb /Applications/ArmGNUToolchain/11.3.rel1/arm-none-eabi/bin/../lib/gcc/arm-none-eabi/11.3.1/../../../../arm-none-eabi/lib/thumb/v7e-m+fp/hard/libc_nano.a(libc_a-mallocr.o)
 .debug_info    0x000000000001e2f7      0xddf /Applications/ArmGNUToolchain/11.3.rel1/arm-none-eabi/bin/../lib/gcc/arm-none-eabi/11.3.1/../../../../arm-none-eabi/lib/thumb/v7e-m+fp/hard/libc_nano.a(libc_a-nano-vfprintf_i.o)
 .debug_info    0x000000000001f0d6      0x76a /Applications/ArmGNUToolchain/11.3.rel1/arm-none-eabi/bin/../lib/gcc/arm-none-eabi/11.3.1/../../../../arm-none-eabi/lib/thumb/v7e-m+fp/hard/libc_nano.a(libc_a-mlock.o)
 .debug_info    0x000000000001f840      0x8c6 /Applications/ArmGNUToolchain/11.3.rel1/arm-none-eabi/bin/../lib/gcc/arm-none-eabi/11.3.1/../../../../arm-none-eabi/lib/thumb/v7e-m+fp/hard/libc_nano.a(libc_a-reallocr.o)
 .debug_info    0x0000000000020106      0x10f /Applications/ArmGNUToolchain/11.3.rel1/arm-none-eabi/bin/../lib/gcc/arm-none-eabi/11.3.1/../../../../arm-none-eabi/lib/thumb/v7e-m+fp/hard/libc_nano.a(libc_a-memmove.o)
 .debug_info    0x0000000000020215      0x858 /Applications/ArmGNUToolchain/11.3.rel1/arm-none-eabi/bin/../lib/gcc/arm-none-eabi/11.3.1/../../../../arm-none-eabi/lib/thumb/v7e-m+fp/hard/libc_nano.a(libc_a-reent.o)
 .debug_info    0x0000000000020a6d      0x77b /Applications/ArmGNUToolchain/11.3.rel1/arm-none-eabi/bin/../lib/gcc/arm-none-eabi/11.3.1/../../../../arm-none-eabi/lib/thumb/v7e-m+fp/hard/libc_nano.a(libc_a-sbrkr.o)
 .debug_info    0x00000000000211e8       0x25 /Applications/ArmGNUToolchain/11.3.rel1/arm-none-eabi/bin/../lib/gcc/arm-none-eabi/11.3.1/../../../../arm-none-eabi/lib/thumb/v7e-m+fp/hard/libc_nano.a(libc_a-memchr.o)
 .debug_info    0x000000000002120d      0x121 /Applications/ArmGNUToolchain/11.3.rel1/arm-none-eabi/bin/../lib/gcc/arm-none-eabi/11.3.1/../../../../arm-none-eabi/lib/thumb/v7e-m+fp/hard/libc_nano.a(libc_a-memcpy-stub.o)
 .debug_info    0x000000000002132e      0x845 /Applications/ArmGNUToolchain/11.3.rel1/arm-none-eabi/bin/../lib/gcc/arm-none-eabi/11.3.1/../../../../arm-none-eabi/lib/thumb/v7e-m+fp/hard/libc_nano.a(libc_a-freer.o)
 .debug_info    0x0000000000021b73      0x793 /Applications/ArmGNUToolchain/11.3.rel1/arm-none-eabi/bin/../lib/gcc/arm-none-eabi/11.3.1/../../../../arm-none-eabi/lib/thumb/v7e-m+fp/hard/libc_nano.a(libc_a-msizer.o)
 .debug_info    0x0000000000022306       0x9e /Applications/ArmGNUToolchain/11.3.rel1/arm-none-eabi/bin/../lib/gcc/arm-none-eabi/11.3.1/../../../../arm-none-eabi/lib/thumb/v7e-m+fp/hard/libnosys.a(sbrk.o)

.debug_abbrev   0x0000000000000000     0x4fd6
 .debug_abbrev  0x0000000000000000      0x2db build/main.o
 .debug_abbrev  0x00000000000002db      0x151 build/gpio.o
 .debug_abbrev  0x000000000000042c      0x1d8 build/can.o
 .debug_abbrev  0x0000000000000604      0x1e2 build/i2c.o
 .debug_abbrev  0x00000000000007e6      0x1d7 build/spi.o
 .debug_abbrev  0x00000000000009bd      0x1c5 build/usb.o
 .debug_abbrev  0x0000000000000b82      0x163 build/stm32f3xx_it.o
 .debug_abbrev  0x0000000000000ce5       0xe5 build/stm32f3xx_hal_msp.o
 .debug_abbrev  0x0000000000000dca      0x2ed build/stm32f3xx_ll_usb.o
 .debug_abbrev  0x00000000000010b7      0x282 build/stm32f3xx_hal_can.o
 .debug_abbrev  0x0000000000001339      0x20a build/stm32f3xx_hal.o
 .debug_abbrev  0x0000000000001543      0x323 build/stm32f3xx_hal_rcc.o
 .debug_abbrev  0x0000000000001866      0x278 build/stm32f3xx_hal_rcc_ex.o
 .debug_abbrev  0x0000000000001ade      0x222 build/stm32f3xx_hal_gpio.o
 .debug_abbrev  0x0000000000001d00      0x382 build/stm32f3xx_hal_cortex.o
 .debug_abbrev  0x0000000000002082      0x2a9 build/stm32f3xx_hal_i2c.o
 .debug_abbrev  0x000000000000232b      0x1b5 build/stm32f3xx_hal_i2c_ex.o
 .debug_abbrev  0x00000000000024e0      0x278 build/stm32f3xx_hal_spi.o
 .debug_abbrev  0x0000000000002758      0x2f2 build/stm32f3xx_hal_pcd.o
 .debug_abbrev  0x0000000000002a4a      0x11b build/system_stm32f3xx.o
 .debug_abbrev  0x0000000000002b65      0x1d7 build/usart.o
 .debug_abbrev  0x0000000000002d3c      0x308 build/stm32f3xx_hal_uart.o
 .debug_abbrev  0x0000000000003044       0x12 build/startup_stm32f303xc.o
 .debug_abbrev  0x0000000000003056      0x21c /Applications/ArmGNUToolchain/11.3.rel1/arm-none-eabi/bin/../lib/gcc/arm-none-eabi/11.3.1/../../../../arm-none-eabi/lib/thumb/v7e-m+fp/hard/libc_nano.a(libc_a-sprintf.o)
 .debug_abbrev  0x0000000000003272      0x40c /Applications/ArmGNUToolchain/11.3.rel1/arm-none-eabi/bin/../lib/gcc/arm-none-eabi/11.3.1/../../../../arm-none-eabi/lib/thumb/v7e-m+fp/hard/libc_nano.a(libc_a-findfp.o)
 .debug_abbrev  0x000000000000367e       0x9e /Applications/ArmGNUToolchain/11.3.rel1/arm-none-eabi/bin/../lib/gcc/arm-none-eabi/11.3.1/../../../../arm-none-eabi/lib/thumb/v7e-m+fp/hard/libc_nano.a(libc_a-memset.o)
 .debug_abbrev  0x000000000000371c      0x149 /Applications/ArmGNUToolchain/11.3.rel1/arm-none-eabi/bin/../lib/gcc/arm-none-eabi/11.3.1/../../../../arm-none-eabi/lib/thumb/v7e-m+fp/hard/libc_nano.a(libc_a-impure.o)
 .debug_abbrev  0x0000000000003865       0xc9 /Applications/ArmGNUToolchain/11.3.rel1/arm-none-eabi/bin/../lib/gcc/arm-none-eabi/11.3.1/../../../../arm-none-eabi/lib/thumb/v7e-m+fp/hard/libc_nano.a(libc_a-init.o)
 .debug_abbrev  0x000000000000392e      0x115 /Applications/ArmGNUToolchain/11.3.rel1/arm-none-eabi/bin/../lib/gcc/arm-none-eabi/11.3.1/../../../../arm-none-eabi/lib/thumb/v7e-m+fp/hard/libc_nano.a(libc_a-lock.o)
 .debug_abbrev  0x0000000000003a43      0x31f /Applications/ArmGNUToolchain/11.3.rel1/arm-none-eabi/bin/../lib/gcc/arm-none-eabi/11.3.1/../../../../arm-none-eabi/lib/thumb/v7e-m+fp/hard/libc_nano.a(libc_a-nano-svfprintf.o)
 .debug_abbrev  0x0000000000003d62      0x24a /Applications/ArmGNUToolchain/11.3.rel1/arm-none-eabi/bin/../lib/gcc/arm-none-eabi/11.3.1/../../../../arm-none-eabi/lib/thumb/v7e-m+fp/hard/libc_nano.a(libc_a-mallocr.o)
 .debug_abbrev  0x0000000000003fac      0x28f /Applications/ArmGNUToolchain/11.3.rel1/arm-none-eabi/bin/../lib/gcc/arm-none-eabi/11.3.1/../../../../arm-none-eabi/lib/thumb/v7e-m+fp/hard/libc_nano.a(libc_a-nano-vfprintf_i.o)
 .debug_abbrev  0x000000000000423b      0x1bf /Applications/ArmGNUToolchain/11.3.rel1/arm-none-eabi/bin/../lib/gcc/arm-none-eabi/11.3.1/../../../../arm-none-eabi/lib/thumb/v7e-m+fp/hard/libc_nano.a(libc_a-mlock.o)
 .debug_abbrev  0x00000000000043fa      0x217 /Applications/ArmGNUToolchain/11.3.rel1/arm-none-eabi/bin/../lib/gcc/arm-none-eabi/11.3.1/../../../../arm-none-eabi/lib/thumb/v7e-m+fp/hard/libc_nano.a(libc_a-reallocr.o)
 .debug_abbrev  0x0000000000004611       0xac /Applications/ArmGNUToolchain/11.3.rel1/arm-none-eabi/bin/../lib/gcc/arm-none-eabi/11.3.1/../../../../arm-none-eabi/lib/thumb/v7e-m+fp/hard/libc_nano.a(libc_a-memmove.o)
 .debug_abbrev  0x00000000000046bd      0x1f8 /Applications/ArmGNUToolchain/11.3.rel1/arm-none-eabi/bin/../lib/gcc/arm-none-eabi/11.3.1/../../../../arm-none-eabi/lib/thumb/v7e-m+fp/hard/libc_nano.a(libc_a-reent.o)
 .debug_abbrev  0x00000000000048b5      0x1da /Applications/ArmGNUToolchain/11.3.rel1/arm-none-eabi/bin/../lib/gcc/arm-none-eabi/11.3.1/../../../../arm-none-eabi/lib/thumb/v7e-m+fp/hard/libc_nano.a(libc_a-sbrkr.o)
 .debug_abbrev  0x0000000000004a8f       0x14 /Applications/ArmGNUToolchain/11.3.rel1/arm-none-eabi/bin/../lib/gcc/arm-none-eabi/11.3.1/../../../../arm-none-eabi/lib/thumb/v7e-m+fp/hard/libc_nano.a(libc_a-memchr.o)
 .debug_abbrev  0x0000000000004aa3       0xc1 /Applications/ArmGNUToolchain/11.3.rel1/arm-none-eabi/bin/../lib/gcc/arm-none-eabi/11.3.1/../../../../arm-none-eabi/lib/thumb/v7e-m+fp/hard/libc_nano.a(libc_a-memcpy-stub.o)
 .debug_abbrev  0x0000000000004b64      0x23b /Applications/ArmGNUToolchain/11.3.rel1/arm-none-eabi/bin/../lib/gcc/arm-none-eabi/11.3.1/../../../../arm-none-eabi/lib/thumb/v7e-m+fp/hard/libc_nano.a(libc_a-freer.o)
 .debug_abbrev  0x0000000000004d9f      0x196 /Applications/ArmGNUToolchain/11.3.rel1/arm-none-eabi/bin/../lib/gcc/arm-none-eabi/11.3.1/../../../../arm-none-eabi/lib/thumb/v7e-m+fp/hard/libc_nano.a(libc_a-msizer.o)
 .debug_abbrev  0x0000000000004f35       0xa1 /Applications/ArmGNUToolchain/11.3.rel1/arm-none-eabi/bin/../lib/gcc/arm-none-eabi/11.3.1/../../../../arm-none-eabi/lib/thumb/v7e-m+fp/hard/libnosys.a(sbrk.o)

.debug_loc      0x0000000000000000    0x13b4c
 .debug_loc     0x0000000000000000       0xab build/main.o
 .debug_loc     0x00000000000000ab       0x38 build/gpio.o
 .debug_loc     0x00000000000000e3      0x12c build/can.o
 .debug_loc     0x000000000000020f       0xeb build/i2c.o
 .debug_loc     0x00000000000002fa      0x108 build/spi.o
 .debug_loc     0x0000000000000402      0x108 build/usb.o
 .debug_loc     0x000000000000050a       0x40 build/stm32f3xx_it.o
 .debug_loc     0x000000000000054a       0x38 build/stm32f3xx_hal_msp.o
 .debug_loc     0x0000000000000582     0x1902 build/stm32f3xx_ll_usb.o
 .debug_loc     0x0000000000001e84      0xf36 build/stm32f3xx_hal_can.o
 .debug_loc     0x0000000000002dba      0x1e1 build/stm32f3xx_hal.o
 .debug_loc     0x0000000000002f9b      0xf4c build/stm32f3xx_hal_rcc.o
 .debug_loc     0x0000000000003ee7      0xafc build/stm32f3xx_hal_rcc_ex.o
 .debug_loc     0x00000000000049e3      0x46f build/stm32f3xx_hal_gpio.o
 .debug_loc     0x0000000000004e52      0x7a4 build/stm32f3xx_hal_cortex.o
 .debug_loc     0x00000000000055f6     0x50a9 build/stm32f3xx_hal_i2c.o
 .debug_loc     0x000000000000a69f      0x25a build/stm32f3xx_hal_i2c_ex.o
 .debug_loc     0x000000000000a8f9     0x27b8 build/stm32f3xx_hal_spi.o
 .debug_loc     0x000000000000d0b1     0x1796 build/stm32f3xx_hal_pcd.o
 .debug_loc     0x000000000000e847      0x123 build/system_stm32f3xx.o
 .debug_loc     0x000000000000e96a      0x108 build/usart.o
 .debug_loc     0x000000000000ea72     0x50da build/stm32f3xx_hal_uart.o

.debug_aranges  0x0000000000000000     0x11a0
 .debug_aranges
                0x0000000000000000       0x38 build/main.o
 .debug_aranges
                0x0000000000000038       0x20 build/gpio.o
 .debug_aranges
                0x0000000000000058       0x30 build/can.o
 .debug_aranges
                0x0000000000000088       0x30 build/i2c.o
 .debug_aranges
                0x00000000000000b8       0x30 build/spi.o
 .debug_aranges
                0x00000000000000e8       0x30 build/usb.o
 .debug_aranges
                0x0000000000000118       0x68 build/stm32f3xx_it.o
 .debug_aranges
                0x0000000000000180       0x20 build/stm32f3xx_hal_msp.o
 .debug_aranges
                0x00000000000001a0       0xb0 build/stm32f3xx_ll_usb.o
 .debug_aranges
                0x0000000000000250      0x138 build/stm32f3xx_hal_can.o
 .debug_aranges
                0x0000000000000388       0xe0 build/stm32f3xx_hal.o
 .debug_aranges
                0x0000000000000468       0x88 build/stm32f3xx_hal_rcc.o
 .debug_aranges
                0x00000000000004f0       0x38 build/stm32f3xx_hal_rcc_ex.o
 .debug_aranges
                0x0000000000000528       0x58 build/stm32f3xx_hal_gpio.o
 .debug_aranges
                0x0000000000000580       0xa8 build/stm32f3xx_hal_cortex.o
 .debug_aranges
                0x0000000000000628      0x290 build/stm32f3xx_hal_i2c.o
 .debug_aranges
                0x00000000000008b8       0x48 build/stm32f3xx_hal_i2c_ex.o
 .debug_aranges
                0x0000000000000900      0x1d8 build/stm32f3xx_hal_spi.o
 .debug_aranges
                0x0000000000000ad8      0x138 build/stm32f3xx_hal_pcd.o
 .debug_aranges
                0x0000000000000c10       0x28 build/system_stm32f3xx.o
 .debug_aranges
                0x0000000000000c38       0x30 build/usart.o
 .debug_aranges
                0x0000000000000c68      0x228 build/stm32f3xx_hal_uart.o
 .debug_aranges
                0x0000000000000e90       0x28 build/startup_stm32f303xc.o
 .debug_aranges
                0x0000000000000eb8       0x28 /Applications/ArmGNUToolchain/11.3.rel1/arm-none-eabi/bin/../lib/gcc/arm-none-eabi/11.3.1/../../../../arm-none-eabi/lib/thumb/v7e-m+fp/hard/libc_nano.a(libc_a-sprintf.o)
 .debug_aranges
                0x0000000000000ee0       0x78 /Applications/ArmGNUToolchain/11.3.rel1/arm-none-eabi/bin/../lib/gcc/arm-none-eabi/11.3.1/../../../../arm-none-eabi/lib/thumb/v7e-m+fp/hard/libc_nano.a(libc_a-findfp.o)
 .debug_aranges
                0x0000000000000f58       0x20 /Applications/ArmGNUToolchain/11.3.rel1/arm-none-eabi/bin/../lib/gcc/arm-none-eabi/11.3.1/../../../../arm-none-eabi/lib/thumb/v7e-m+fp/hard/libc_nano.a(libc_a-memset.o)
 .debug_aranges
                0x0000000000000f78       0x18 /Applications/ArmGNUToolchain/11.3.rel1/arm-none-eabi/bin/../lib/gcc/arm-none-eabi/11.3.1/../../../../arm-none-eabi/lib/thumb/v7e-m+fp/hard/libc_nano.a(libc_a-impure.o)
 .debug_aranges
                0x0000000000000f90       0x20 /Applications/ArmGNUToolchain/11.3.rel1/arm-none-eabi/bin/../lib/gcc/arm-none-eabi/11.3.1/../../../../arm-none-eabi/lib/thumb/v7e-m+fp/hard/libc_nano.a(libc_a-init.o)
 .debug_aranges
                0x0000000000000fb0       0x28 /Applications/ArmGNUToolchain/11.3.rel1/arm-none-eabi/bin/../lib/gcc/arm-none-eabi/11.3.1/../../../../arm-none-eabi/lib/thumb/v7e-m+fp/hard/libc_nano.a(libc_a-lock.o)
 .debug_aranges
                0x0000000000000fd8       0x30 /Applications/ArmGNUToolchain/11.3.rel1/arm-none-eabi/bin/../lib/gcc/arm-none-eabi/11.3.1/../../../../arm-none-eabi/lib/thumb/v7e-m+fp/hard/libc_nano.a(libc_a-nano-svfprintf.o)
 .debug_aranges
                0x0000000000001008       0x28 /Applications/ArmGNUToolchain/11.3.rel1/arm-none-eabi/bin/../lib/gcc/arm-none-eabi/11.3.1/../../../../arm-none-eabi/lib/thumb/v7e-m+fp/hard/libc_nano.a(libc_a-mallocr.o)
 .debug_aranges
                0x0000000000001030       0x28 /Applications/ArmGNUToolchain/11.3.rel1/arm-none-eabi/bin/../lib/gcc/arm-none-eabi/11.3.1/../../../../arm-none-eabi/lib/thumb/v7e-m+fp/hard/libc_nano.a(libc_a-nano-vfprintf_i.o)
 .debug_aranges
                0x0000000000001058       0x28 /Applications/ArmGNUToolchain/11.3.rel1/arm-none-eabi/bin/../lib/gcc/arm-none-eabi/11.3.1/../../../../arm-none-eabi/lib/thumb/v7e-m+fp/hard/libc_nano.a(libc_a-mlock.o)
 .debug_aranges
                0x0000000000001080       0x20 /Applications/ArmGNUToolchain/11.3.rel1/arm-none-eabi/bin/../lib/gcc/arm-none-eabi/11.3.1/../../../../arm-none-eabi/lib/thumb/v7e-m+fp/hard/libc_nano.a(libc_a-reallocr.o)
 .debug_aranges
                0x00000000000010a0       0x20 /Applications/ArmGNUToolchain/11.3.rel1/arm-none-eabi/bin/../lib/gcc/arm-none-eabi/11.3.1/../../../../arm-none-eabi/lib/thumb/v7e-m+fp/hard/libc_nano.a(libc_a-memmove.o)
 .debug_aranges
                0x00000000000010c0       0x20 /Applications/ArmGNUToolchain/11.3.rel1/arm-none-eabi/bin/../lib/gcc/arm-none-eabi/11.3.1/../../../../arm-none-eabi/lib/thumb/v7e-m+fp/hard/libc_nano.a(libc_a-reent.o)
 .debug_aranges
                0x00000000000010e0       0x20 /Applications/ArmGNUToolchain/11.3.rel1/arm-none-eabi/bin/../lib/gcc/arm-none-eabi/11.3.1/../../../../arm-none-eabi/lib/thumb/v7e-m+fp/hard/libc_nano.a(libc_a-sbrkr.o)
 .debug_aranges
                0x0000000000001100       0x20 /Applications/ArmGNUToolchain/11.3.rel1/arm-none-eabi/bin/../lib/gcc/arm-none-eabi/11.3.1/../../../../arm-none-eabi/lib/thumb/v7e-m+fp/hard/libc_nano.a(libc_a-memchr.o)
 .debug_aranges
                0x0000000000001120       0x20 /Applications/ArmGNUToolchain/11.3.rel1/arm-none-eabi/bin/../lib/gcc/arm-none-eabi/11.3.1/../../../../arm-none-eabi/lib/thumb/v7e-m+fp/hard/libc_nano.a(libc_a-memcpy-stub.o)
 .debug_aranges
                0x0000000000001140       0x20 /Applications/ArmGNUToolchain/11.3.rel1/arm-none-eabi/bin/../lib/gcc/arm-none-eabi/11.3.1/../../../../arm-none-eabi/lib/thumb/v7e-m+fp/hard/libc_nano.a(libc_a-freer.o)
 .debug_aranges
                0x0000000000001160       0x20 /Applications/ArmGNUToolchain/11.3.rel1/arm-none-eabi/bin/../lib/gcc/arm-none-eabi/11.3.1/../../../../arm-none-eabi/lib/thumb/v7e-m+fp/hard/libc_nano.a(libc_a-msizer.o)
 .debug_aranges
                0x0000000000001180       0x20 /Applications/ArmGNUToolchain/11.3.rel1/arm-none-eabi/bin/../lib/gcc/arm-none-eabi/11.3.1/../../../../arm-none-eabi/lib/thumb/v7e-m+fp/hard/libnosys.a(sbrk.o)

.debug_ranges   0x0000000000000000     0x1118
 .debug_ranges  0x0000000000000000       0x40 build/main.o
 .debug_ranges  0x0000000000000040       0x10 build/gpio.o
 .debug_ranges  0x0000000000000050       0x20 build/can.o
 .debug_ranges  0x0000000000000070       0x20 build/i2c.o
 .debug_ranges  0x0000000000000090       0x20 build/spi.o
 .debug_ranges  0x00000000000000b0       0x20 build/usb.o
 .debug_ranges  0x00000000000000d0       0x58 build/stm32f3xx_it.o
 .debug_ranges  0x0000000000000128       0x10 build/stm32f3xx_hal_msp.o
 .debug_ranges  0x0000000000000138      0x2d8 build/stm32f3xx_ll_usb.o
 .debug_ranges  0x0000000000000410      0x128 build/stm32f3xx_hal_can.o
 .debug_ranges  0x0000000000000538       0xd0 build/stm32f3xx_hal.o
 .debug_ranges  0x0000000000000608       0x98 build/stm32f3xx_hal_rcc.o
 .debug_ranges  0x00000000000006a0       0x28 build/stm32f3xx_hal_rcc_ex.o
 .debug_ranges  0x00000000000006c8       0x48 build/stm32f3xx_hal_gpio.o
 .debug_ranges  0x0000000000000710       0xf8 build/stm32f3xx_hal_cortex.o
 .debug_ranges  0x0000000000000808      0x280 build/stm32f3xx_hal_i2c.o
 .debug_ranges  0x0000000000000a88       0x38 build/stm32f3xx_hal_i2c_ex.o
 .debug_ranges  0x0000000000000ac0      0x1c8 build/stm32f3xx_hal_spi.o
 .debug_ranges  0x0000000000000c88      0x208 build/stm32f3xx_hal_pcd.o
 .debug_ranges  0x0000000000000e90       0x18 build/system_stm32f3xx.o
 .debug_ranges  0x0000000000000ea8       0x20 build/usart.o
 .debug_ranges  0x0000000000000ec8      0x230 build/stm32f3xx_hal_uart.o
 .debug_ranges  0x00000000000010f8       0x20 build/startup_stm32f303xc.o

.debug_line     0x0000000000000000    0x186ee
 .debug_line    0x0000000000000000      0x460 build/main.o
 .debug_line    0x0000000000000460      0x1e2 build/gpio.o
 .debug_line    0x0000000000000642      0x339 build/can.o
 .debug_line    0x000000000000097b      0x2ee build/i2c.o
 .debug_line    0x0000000000000c69      0x2df build/spi.o
 .debug_line    0x0000000000000f48      0x2ae build/usb.o
 .debug_line    0x00000000000011f6      0x29e build/stm32f3xx_it.o
 .debug_line    0x0000000000001494      0x184 build/stm32f3xx_hal_msp.o
 .debug_line    0x0000000000001618     0x17d0 build/stm32f3xx_ll_usb.o
 .debug_line    0x0000000000002de8     0x10c5 build/stm32f3xx_hal_can.o
 .debug_line    0x0000000000003ead      0x506 build/stm32f3xx_hal.o
 .debug_line    0x00000000000043b3     0x11a1 build/stm32f3xx_hal_rcc.o
 .debug_line    0x0000000000005554      0xae6 build/stm32f3xx_hal_rcc_ex.o
 .debug_line    0x000000000000603a      0x654 build/stm32f3xx_hal_gpio.o
 .debug_line    0x000000000000668e      0x72b build/stm32f3xx_hal_cortex.o
 .debug_line    0x0000000000006db9     0x483d build/stm32f3xx_hal_i2c.o
 .debug_line    0x000000000000b5f6      0x4a3 build/stm32f3xx_hal_i2c_ex.o
 .debug_line    0x000000000000ba99     0x293c build/stm32f3xx_hal_spi.o
 .debug_line    0x000000000000e3d5     0x17e2 build/stm32f3xx_hal_pcd.o
 .debug_line    0x000000000000fbb7      0x229 build/system_stm32f3xx.o
 .debug_line    0x000000000000fde0      0x2c3 build/usart.o
 .debug_line    0x00000000000100a3     0x5051 build/stm32f3xx_hal_uart.o
 .debug_line    0x00000000000150f4       0x76 build/startup_stm32f303xc.o
 .debug_line    0x000000000001516a      0x2c2 /Applications/ArmGNUToolchain/11.3.rel1/arm-none-eabi/bin/../lib/gcc/arm-none-eabi/11.3.1/../../../../arm-none-eabi/lib/thumb/v7e-m+fp/hard/libc_nano.a(libc_a-sprintf.o)
 .debug_line    0x000000000001542c      0x584 /Applications/ArmGNUToolchain/11.3.rel1/arm-none-eabi/bin/../lib/gcc/arm-none-eabi/11.3.1/../../../../arm-none-eabi/lib/thumb/v7e-m+fp/hard/libc_nano.a(libc_a-findfp.o)
 .debug_line    0x00000000000159b0      0x187 /Applications/ArmGNUToolchain/11.3.rel1/arm-none-eabi/bin/../lib/gcc/arm-none-eabi/11.3.1/../../../../arm-none-eabi/lib/thumb/v7e-m+fp/hard/libc_nano.a(libc_a-memset.o)
 .debug_line    0x0000000000015b37      0x107 /Applications/ArmGNUToolchain/11.3.rel1/arm-none-eabi/bin/../lib/gcc/arm-none-eabi/11.3.1/../../../../arm-none-eabi/lib/thumb/v7e-m+fp/hard/libc_nano.a(libc_a-impure.o)
 .debug_line    0x0000000000015c3e      0x188 /Applications/ArmGNUToolchain/11.3.rel1/arm-none-eabi/bin/../lib/gcc/arm-none-eabi/11.3.1/../../../../arm-none-eabi/lib/thumb/v7e-m+fp/hard/libc_nano.a(libc_a-init.o)
 .debug_line    0x0000000000015dc6      0x115 /Applications/ArmGNUToolchain/11.3.rel1/arm-none-eabi/bin/../lib/gcc/arm-none-eabi/11.3.1/../../../../arm-none-eabi/lib/thumb/v7e-m+fp/hard/libc_nano.a(libc_a-lock.o)
 .debug_line    0x0000000000015edb      0x885 /Applications/ArmGNUToolchain/11.3.rel1/arm-none-eabi/bin/../lib/gcc/arm-none-eabi/11.3.1/../../../../arm-none-eabi/lib/thumb/v7e-m+fp/hard/libc_nano.a(libc_a-nano-svfprintf.o)
 .debug_line    0x0000000000016760      0x4d2 /Applications/ArmGNUToolchain/11.3.rel1/arm-none-eabi/bin/../lib/gcc/arm-none-eabi/11.3.1/../../../../arm-none-eabi/lib/thumb/v7e-m+fp/hard/libc_nano.a(libc_a-mallocr.o)
 .debug_line    0x0000000000016c32      0x760 /Applications/ArmGNUToolchain/11.3.rel1/arm-none-eabi/bin/../lib/gcc/arm-none-eabi/11.3.1/../../../../arm-none-eabi/lib/thumb/v7e-m+fp/hard/libc_nano.a(libc_a-nano-vfprintf_i.o)
 .debug_line    0x0000000000017392      0x1ff /Applications/ArmGNUToolchain/11.3.rel1/arm-none-eabi/bin/../lib/gcc/arm-none-eabi/11.3.1/../../../../arm-none-eabi/lib/thumb/v7e-m+fp/hard/libc_nano.a(libc_a-mlock.o)
 .debug_line    0x0000000000017591      0x276 /Applications/ArmGNUToolchain/11.3.rel1/arm-none-eabi/bin/../lib/gcc/arm-none-eabi/11.3.1/../../../../arm-none-eabi/lib/thumb/v7e-m+fp/hard/libc_nano.a(libc_a-reallocr.o)
 .debug_line    0x0000000000017807      0x1c5 /Applications/ArmGNUToolchain/11.3.rel1/arm-none-eabi/bin/../lib/gcc/arm-none-eabi/11.3.1/../../../../arm-none-eabi/lib/thumb/v7e-m+fp/hard/libc_nano.a(libc_a-memmove.o)
 .debug_line    0x00000000000179cc      0x2f6 /Applications/ArmGNUToolchain/11.3.rel1/arm-none-eabi/bin/../lib/gcc/arm-none-eabi/11.3.1/../../../../arm-none-eabi/lib/thumb/v7e-m+fp/hard/libc_nano.a(libc_a-reent.o)
 .debug_line    0x0000000000017cc2      0x22d /Applications/ArmGNUToolchain/11.3.rel1/arm-none-eabi/bin/../lib/gcc/arm-none-eabi/11.3.1/../../../../arm-none-eabi/lib/thumb/v7e-m+fp/hard/libc_nano.a(libc_a-sbrkr.o)
 .debug_line    0x0000000000017eef       0x82 /Applications/ArmGNUToolchain/11.3.rel1/arm-none-eabi/bin/../lib/gcc/arm-none-eabi/11.3.1/../../../../arm-none-eabi/lib/thumb/v7e-m+fp/hard/libc_nano.a(libc_a-memchr.o)
 .debug_line    0x0000000000017f71      0x1a2 /Applications/ArmGNUToolchain/11.3.rel1/arm-none-eabi/bin/../lib/gcc/arm-none-eabi/11.3.1/../../../../arm-none-eabi/lib/thumb/v7e-m+fp/hard/libc_nano.a(libc_a-memcpy-stub.o)
 .debug_line    0x0000000000018113      0x327 /Applications/ArmGNUToolchain/11.3.rel1/arm-none-eabi/bin/../lib/gcc/arm-none-eabi/11.3.1/../../../../arm-none-eabi/lib/thumb/v7e-m+fp/hard/libc_nano.a(libc_a-freer.o)
 .debug_line    0x000000000001843a      0x209 /Applications/ArmGNUToolchain/11.3.rel1/arm-none-eabi/bin/../lib/gcc/arm-none-eabi/11.3.1/../../../../arm-none-eabi/lib/thumb/v7e-m+fp/hard/libc_nano.a(libc_a-msizer.o)
 .debug_line    0x0000000000018643       0xab /Applications/ArmGNUToolchain/11.3.rel1/arm-none-eabi/bin/../lib/gcc/arm-none-eabi/11.3.1/../../../../arm-none-eabi/lib/thumb/v7e-m+fp/hard/libnosys.a(sbrk.o)

.debug_str      0x0000000000000000     0x5c6d
 .debug_str     0x0000000000000000      0xc2a build/main.o
                                        0xd2c (size before relaxing)
 .debug_str     0x0000000000000c2a      0x1ad build/gpio.o
                                        0x2ae (size before relaxing)
 .debug_str     0x0000000000000dd7      0x575 build/can.o
                                        0xacf (size before relaxing)
 .debug_str     0x000000000000134c      0x2e0 build/i2c.o
                                        0x7ce (size before relaxing)
 .debug_str     0x000000000000162c      0x1d5 build/spi.o
                                        0x6dd (size before relaxing)
 .debug_str     0x0000000000001801      0x313 build/usb.o
                                        0x677 (size before relaxing)
 .debug_str     0x0000000000001b14       0xe1 build/stm32f3xx_it.o
                                        0x4fa (size before relaxing)
 .debug_str     0x0000000000001bf5       0x46 build/stm32f3xx_hal_msp.o
                                        0x21a (size before relaxing)
 .debug_str     0x0000000000001c3b      0x24a build/stm32f3xx_ll_usb.o
                                        0x62b (size before relaxing)
 .debug_str     0x0000000000001e85      0x39e build/stm32f3xx_hal_can.o
                                        0xa36 (size before relaxing)
 .debug_str     0x0000000000002223      0x2da build/stm32f3xx_hal.o
                                        0x99b (size before relaxing)
 .debug_str     0x00000000000024fd      0x1f8 build/stm32f3xx_hal_rcc.o
                                        0x66d (size before relaxing)
 .debug_str     0x00000000000026f5       0xc5 build/stm32f3xx_hal_rcc_ex.o
                                        0x529 (size before relaxing)
 .debug_str     0x00000000000027ba      0x118 build/stm32f3xx_hal_gpio.o
                                        0x420 (size before relaxing)
 .debug_str     0x00000000000028d2      0x496 build/stm32f3xx_hal_cortex.o
                                        0xb55 (size before relaxing)
 .debug_str     0x0000000000002d68      0x890 build/stm32f3xx_hal_i2c.o
                                        0xf73 (size before relaxing)
 .debug_str     0x00000000000035f8       0xb5 build/stm32f3xx_hal_i2c_ex.o
                                        0x7d0 (size before relaxing)
 .debug_str     0x00000000000036ad      0x55a build/stm32f3xx_hal_spi.o
                                        0xbd2 (size before relaxing)
 .debug_str     0x0000000000003c07      0x363 build/stm32f3xx_hal_pcd.o
                                        0xa79 (size before relaxing)
 .debug_str     0x0000000000003f6a       0x52 build/system_stm32f3xx.o
                                        0x2c5 (size before relaxing)
 .debug_str     0x0000000000003fbc       0x4e build/usart.o
                                        0x709 (size before relaxing)
 .debug_str     0x000000000000400a      0x765 build/stm32f3xx_hal_uart.o
                                        0xec8 (size before relaxing)
 .debug_str     0x000000000000476f       0x24 build/startup_stm32f303xc.o
                                         0x55 (size before relaxing)
 .debug_str     0x0000000000004793      0x48a /Applications/ArmGNUToolchain/11.3.rel1/arm-none-eabi/bin/../lib/gcc/arm-none-eabi/11.3.1/../../../../arm-none-eabi/lib/thumb/v7e-m+fp/hard/libc_nano.a(libc_a-sprintf.o)
                                        0x574 (size before relaxing)
 .debug_str     0x0000000000004c1d      0x2a8 /Applications/ArmGNUToolchain/11.3.rel1/arm-none-eabi/bin/../lib/gcc/arm-none-eabi/11.3.1/../../../../arm-none-eabi/lib/thumb/v7e-m+fp/hard/libc_nano.a(libc_a-findfp.o)
                                        0x7b8 (size before relaxing)
 .debug_str     0x0000000000004ec5       0x63 /Applications/ArmGNUToolchain/11.3.rel1/arm-none-eabi/bin/../lib/gcc/arm-none-eabi/11.3.1/../../../../arm-none-eabi/lib/thumb/v7e-m+fp/hard/libc_nano.a(libc_a-memset.o)
                                        0x215 (size before relaxing)
 .debug_str     0x0000000000004f28       0x62 /Applications/ArmGNUToolchain/11.3.rel1/arm-none-eabi/bin/../lib/gcc/arm-none-eabi/11.3.1/../../../../arm-none-eabi/lib/thumb/v7e-m+fp/hard/libc_nano.a(libc_a-impure.o)
                                        0x535 (size before relaxing)
 .debug_str     0x0000000000004f8a       0xbf /Applications/ArmGNUToolchain/11.3.rel1/arm-none-eabi/bin/../lib/gcc/arm-none-eabi/11.3.1/../../../../arm-none-eabi/lib/thumb/v7e-m+fp/hard/libc_nano.a(libc_a-init.o)
                                        0x276 (size before relaxing)
 .debug_str     0x0000000000005049      0x1e0 /Applications/ArmGNUToolchain/11.3.rel1/arm-none-eabi/bin/../lib/gcc/arm-none-eabi/11.3.1/../../../../arm-none-eabi/lib/thumb/v7e-m+fp/hard/libc_nano.a(libc_a-lock.o)
                                        0x388 (size before relaxing)
 .debug_str     0x0000000000005229      0x2bb /Applications/ArmGNUToolchain/11.3.rel1/arm-none-eabi/bin/../lib/gcc/arm-none-eabi/11.3.1/../../../../arm-none-eabi/lib/thumb/v7e-m+fp/hard/libc_nano.a(libc_a-nano-svfprintf.o)
                                        0x87e (size before relaxing)
 .debug_str     0x00000000000054e4      0x121 /Applications/ArmGNUToolchain/11.3.rel1/arm-none-eabi/bin/../lib/gcc/arm-none-eabi/11.3.1/../../../../arm-none-eabi/lib/thumb/v7e-m+fp/hard/libc_nano.a(libc_a-mallocr.o)
                                        0x616 (size before relaxing)
 .debug_str     0x0000000000005605       0xc3 /Applications/ArmGNUToolchain/11.3.rel1/arm-none-eabi/bin/../lib/gcc/arm-none-eabi/11.3.1/../../../../arm-none-eabi/lib/thumb/v7e-m+fp/hard/libc_nano.a(libc_a-nano-vfprintf_i.o)
                                        0x814 (size before relaxing)
 .debug_str     0x00000000000056c8       0x62 /Applications/ArmGNUToolchain/11.3.rel1/arm-none-eabi/bin/../lib/gcc/arm-none-eabi/11.3.1/../../../../arm-none-eabi/lib/thumb/v7e-m+fp/hard/libc_nano.a(libc_a-mlock.o)
                                        0x5b7 (size before relaxing)
 .debug_str     0x000000000000572a       0x91 /Applications/ArmGNUToolchain/11.3.rel1/arm-none-eabi/bin/../lib/gcc/arm-none-eabi/11.3.1/../../../../arm-none-eabi/lib/thumb/v7e-m+fp/hard/libc_nano.a(libc_a-reallocr.o)
                                        0x5ab (size before relaxing)
 .debug_str     0x00000000000057bb       0x7d /Applications/ArmGNUToolchain/11.3.rel1/arm-none-eabi/bin/../lib/gcc/arm-none-eabi/11.3.1/../../../../arm-none-eabi/lib/thumb/v7e-m+fp/hard/libc_nano.a(libc_a-memmove.o)
                                        0x230 (size before relaxing)
 .debug_str     0x0000000000005838       0x80 /Applications/ArmGNUToolchain/11.3.rel1/arm-none-eabi/bin/../lib/gcc/arm-none-eabi/11.3.1/../../../../arm-none-eabi/lib/thumb/v7e-m+fp/hard/libc_nano.a(libc_a-reent.o)
                                        0x554 (size before relaxing)
 .debug_str     0x00000000000058b8       0x6c /Applications/ArmGNUToolchain/11.3.rel1/arm-none-eabi/bin/../lib/gcc/arm-none-eabi/11.3.1/../../../../arm-none-eabi/lib/thumb/v7e-m+fp/hard/libc_nano.a(libc_a-sbrkr.o)
                                        0x53e (size before relaxing)
 .debug_str     0x0000000000005924       0x74 /Applications/ArmGNUToolchain/11.3.rel1/arm-none-eabi/bin/../lib/gcc/arm-none-eabi/11.3.1/../../../../arm-none-eabi/lib/thumb/v7e-m+fp/hard/libc_nano.a(libc_a-memchr.o)
                                         0xf6 (size before relaxing)
 .debug_str     0x0000000000005998       0x81 /Applications/ArmGNUToolchain/11.3.rel1/arm-none-eabi/bin/../lib/gcc/arm-none-eabi/11.3.1/../../../../arm-none-eabi/lib/thumb/v7e-m+fp/hard/libc_nano.a(libc_a-memcpy-stub.o)
                                        0x233 (size before relaxing)
 .debug_str     0x0000000000005a19       0x86 /Applications/ArmGNUToolchain/11.3.rel1/arm-none-eabi/bin/../lib/gcc/arm-none-eabi/11.3.1/../../../../arm-none-eabi/lib/thumb/v7e-m+fp/hard/libc_nano.a(libc_a-freer.o)
                                        0x5b5 (size before relaxing)
 .debug_str     0x0000000000005a9f       0x72 /Applications/ArmGNUToolchain/11.3.rel1/arm-none-eabi/bin/../lib/gcc/arm-none-eabi/11.3.1/../../../../arm-none-eabi/lib/thumb/v7e-m+fp/hard/libc_nano.a(libc_a-msizer.o)
                                        0x57e (size before relaxing)
 .debug_str     0x0000000000005b11      0x15c /Applications/ArmGNUToolchain/11.3.rel1/arm-none-eabi/bin/../lib/gcc/arm-none-eabi/11.3.1/../../../../arm-none-eabi/lib/thumb/v7e-m+fp/hard/libnosys.a(sbrk.o)
                                        0x175 (size before relaxing)

.debug_frame    0x0000000000000000     0x2c08
 .debug_frame   0x0000000000000000       0x70 build/main.o
 .debug_frame   0x0000000000000070       0x34 build/gpio.o
 .debug_frame   0x00000000000000a4       0x68 build/can.o
 .debug_frame   0x000000000000010c       0x60 build/i2c.o
 .debug_frame   0x000000000000016c       0x60 build/spi.o
 .debug_frame   0x00000000000001cc       0x60 build/usb.o
 .debug_frame   0x000000000000022c       0xc0 build/stm32f3xx_it.o
 .debug_frame   0x00000000000002ec       0x2c build/stm32f3xx_hal_msp.o
 .debug_frame   0x0000000000000318      0x17c build/stm32f3xx_ll_usb.o
 .debug_frame   0x0000000000000494      0x2dc build/stm32f3xx_hal_can.o
 .debug_frame   0x0000000000000770      0x1cc build/stm32f3xx_hal.o
 .debug_frame   0x000000000000093c      0x16c build/stm32f3xx_hal_rcc.o
 .debug_frame   0x0000000000000aa8       0x7c build/stm32f3xx_hal_rcc_ex.o
 .debug_frame   0x0000000000000b24       0xd0 build/stm32f3xx_hal_gpio.o
 .debug_frame   0x0000000000000bf4      0x148 build/stm32f3xx_hal_cortex.o
 .debug_frame   0x0000000000000d3c      0x934 build/stm32f3xx_hal_i2c.o
 .debug_frame   0x0000000000001670       0x80 build/stm32f3xx_hal_i2c_ex.o
 .debug_frame   0x00000000000016f0      0x5d8 build/stm32f3xx_hal_spi.o
 .debug_frame   0x0000000000001cc8      0x338 build/stm32f3xx_hal_pcd.o
 .debug_frame   0x0000000000002000       0x30 build/system_stm32f3xx.o
 .debug_frame   0x0000000000002030       0x60 build/usart.o
 .debug_frame   0x0000000000002090      0x600 build/stm32f3xx_hal_uart.o
 .debug_frame   0x0000000000002690       0x6c /Applications/ArmGNUToolchain/11.3.rel1/arm-none-eabi/bin/../lib/gcc/arm-none-eabi/11.3.1/../../../../arm-none-eabi/lib/thumb/v7e-m+fp/hard/libc_nano.a(libc_a-sprintf.o)
 .debug_frame   0x00000000000026fc      0x13c /Applications/ArmGNUToolchain/11.3.rel1/arm-none-eabi/bin/../lib/gcc/arm-none-eabi/11.3.1/../../../../arm-none-eabi/lib/thumb/v7e-m+fp/hard/libc_nano.a(libc_a-findfp.o)
 .debug_frame   0x0000000000002838       0x20 /Applications/ArmGNUToolchain/11.3.rel1/arm-none-eabi/bin/../lib/gcc/arm-none-eabi/11.3.1/../../../../arm-none-eabi/lib/thumb/v7e-m+fp/hard/libc_nano.a(libc_a-memset.o)
 .debug_frame   0x0000000000002858       0x2c /Applications/ArmGNUToolchain/11.3.rel1/arm-none-eabi/bin/../lib/gcc/arm-none-eabi/11.3.1/../../../../arm-none-eabi/lib/thumb/v7e-m+fp/hard/libc_nano.a(libc_a-init.o)
 .debug_frame   0x0000000000002884       0xb0 /Applications/ArmGNUToolchain/11.3.rel1/arm-none-eabi/bin/../lib/gcc/arm-none-eabi/11.3.1/../../../../arm-none-eabi/lib/thumb/v7e-m+fp/hard/libc_nano.a(libc_a-lock.o)
 .debug_frame   0x0000000000002934       0x90 /Applications/ArmGNUToolchain/11.3.rel1/arm-none-eabi/bin/../lib/gcc/arm-none-eabi/11.3.1/../../../../arm-none-eabi/lib/thumb/v7e-m+fp/hard/libc_nano.a(libc_a-nano-svfprintf.o)
 .debug_frame   0x00000000000029c4       0x4c /Applications/ArmGNUToolchain/11.3.rel1/arm-none-eabi/bin/../lib/gcc/arm-none-eabi/11.3.1/../../../../arm-none-eabi/lib/thumb/v7e-m+fp/hard/libc_nano.a(libc_a-mallocr.o)
 .debug_frame   0x0000000000002a10       0x60 /Applications/ArmGNUToolchain/11.3.rel1/arm-none-eabi/bin/../lib/gcc/arm-none-eabi/11.3.1/../../../../arm-none-eabi/lib/thumb/v7e-m+fp/hard/libc_nano.a(libc_a-nano-vfprintf_i.o)
 .debug_frame   0x0000000000002a70       0x30 /Applications/ArmGNUToolchain/11.3.rel1/arm-none-eabi/bin/../lib/gcc/arm-none-eabi/11.3.1/../../../../arm-none-eabi/lib/thumb/v7e-m+fp/hard/libc_nano.a(libc_a-mlock.o)
 .debug_frame   0x0000000000002aa0       0x3c /Applications/ArmGNUToolchain/11.3.rel1/arm-none-eabi/bin/../lib/gcc/arm-none-eabi/11.3.1/../../../../arm-none-eabi/lib/thumb/v7e-m+fp/hard/libc_nano.a(libc_a-reallocr.o)
 .debug_frame   0x0000000000002adc       0x28 /Applications/ArmGNUToolchain/11.3.rel1/arm-none-eabi/bin/../lib/gcc/arm-none-eabi/11.3.1/../../../../arm-none-eabi/lib/thumb/v7e-m+fp/hard/libc_nano.a(libc_a-memmove.o)
 .debug_frame   0x0000000000002b04       0x38 /Applications/ArmGNUToolchain/11.3.rel1/arm-none-eabi/bin/../lib/gcc/arm-none-eabi/11.3.1/../../../../arm-none-eabi/lib/thumb/v7e-m+fp/hard/libc_nano.a(libc_a-reent.o)
 .debug_frame   0x0000000000002b3c       0x2c /Applications/ArmGNUToolchain/11.3.rel1/arm-none-eabi/bin/../lib/gcc/arm-none-eabi/11.3.1/../../../../arm-none-eabi/lib/thumb/v7e-m+fp/hard/libc_nano.a(libc_a-sbrkr.o)
 .debug_frame   0x0000000000002b68       0x28 /Applications/ArmGNUToolchain/11.3.rel1/arm-none-eabi/bin/../lib/gcc/arm-none-eabi/11.3.1/../../../../arm-none-eabi/lib/thumb/v7e-m+fp/hard/libc_nano.a(libc_a-memcpy-stub.o)
 .debug_frame   0x0000000000002b90       0x38 /Applications/ArmGNUToolchain/11.3.rel1/arm-none-eabi/bin/../lib/gcc/arm-none-eabi/11.3.1/../../../../arm-none-eabi/lib/thumb/v7e-m+fp/hard/libc_nano.a(libc_a-freer.o)